Component: ARM Compiler 5.06 update 6 (build 750) Tool: armlink [4d35ed]

==============================================================================

Section Cross References

    startup_stm32f103xe.o(RESET) refers to startup_stm32f103xe.o(STACK) for __initial_sp
    startup_stm32f103xe.o(RESET) refers to startup_stm32f103xe.o(.text) for Reset_Handler
    startup_stm32f103xe.o(RESET) refers to stm32f1xx_it.o(i.NMI_Handler) for NMI_Handler
    startup_stm32f103xe.o(RESET) refers to stm32f1xx_it.o(i.HardFault_Handler) for HardFault_Handler
    startup_stm32f103xe.o(RESET) refers to stm32f1xx_it.o(i.MemManage_Handler) for MemManage_Handler
    startup_stm32f103xe.o(RESET) refers to stm32f1xx_it.o(i.BusFault_Handler) for BusFault_Handler
    startup_stm32f103xe.o(RESET) refers to stm32f1xx_it.o(i.UsageFault_Handler) for UsageFault_Handler
    startup_stm32f103xe.o(RESET) refers to stm32f1xx_it.o(i.SVC_Handler) for SVC_Handler
    startup_stm32f103xe.o(RESET) refers to stm32f1xx_it.o(i.DebugMon_Handler) for DebugMon_Handler
    startup_stm32f103xe.o(RESET) refers to stm32f1xx_it.o(i.PendSV_Handler) for PendSV_Handler
    startup_stm32f103xe.o(RESET) refers to stm32f1xx_it.o(i.SysTick_Handler) for SysTick_Handler
    startup_stm32f103xe.o(RESET) refers to stm32f1xx_it.o(i.USART1_IRQHandler) for USART1_IRQHandler
    startup_stm32f103xe.o(RESET) refers to stm32f1xx_it.o(i.TIM6_IRQHandler) for TIM6_IRQHandler
    startup_stm32f103xe.o(.text) refers to system_stm32f1xx.o(i.SystemInit) for SystemInit
    startup_stm32f103xe.o(.text) refers to entry.o(.ARM.Collect$$$$00000000) for __main
    main.o(i.SystemClock_Config) refers to memseta.o(.text) for __aeabi_memclr4
    main.o(i.SystemClock_Config) refers to stm32f1xx_hal_rcc.o(i.HAL_RCC_OscConfig) for HAL_RCC_OscConfig
    main.o(i.SystemClock_Config) refers to stm32f1xx_hal_rcc.o(i.HAL_RCC_ClockConfig) for HAL_RCC_ClockConfig
    main.o(i.main) refers to stm32f1xx_hal.o(i.HAL_Init) for HAL_Init
    main.o(i.main) refers to main.o(i.SystemClock_Config) for SystemClock_Config
    main.o(i.main) refers to delay.o(i.delay_init) for delay_init
    main.o(i.main) refers to gpio.o(i.MX_GPIO_Init) for MX_GPIO_Init
    main.o(i.main) refers to usart.o(i.MX_USART1_UART_Init) for MX_USART1_UART_Init
    main.o(i.main) refers to tim.o(i.MX_TIM2_Init) for MX_TIM2_Init
    main.o(i.main) refers to tim.o(i.MX_TIM3_Init) for MX_TIM3_Init
    main.o(i.main) refers to tim.o(i.MX_TIM4_Init) for MX_TIM4_Init
    main.o(i.main) refers to tim.o(i.MX_TIM5_Init) for MX_TIM5_Init
    main.o(i.main) refers to tim.o(i.MX_TIM6_Init) for MX_TIM6_Init
    main.o(i.main) refers to i2c.o(i.MX_I2C1_Init) for MX_I2C1_Init
    main.o(i.main) refers to oled.o(i.OLED_Init) for OLED_Init
    main.o(i.main) refers to oled.o(i.OLED_ColorTurn) for OLED_ColorTurn
    main.o(i.main) refers to oled.o(i.OLED_DisplayTurn) for OLED_DisplayTurn
    main.o(i.main) refers to stm32f1xx_hal_tim.o(i.HAL_TIM_Base_Start_IT) for HAL_TIM_Base_Start_IT
    main.o(i.main) refers to stm32f1xx_hal_tim.o(i.HAL_TIM_Encoder_Start) for HAL_TIM_Encoder_Start
    main.o(i.main) refers to stm32f1xx_hal_tim.o(i.HAL_TIM_PWM_Start) for HAL_TIM_PWM_Start
    main.o(i.main) refers to motor.o(i.Set_Motor1_Enable) for Set_Motor1_Enable
    main.o(i.main) refers to motor.o(i.Set_Motor2_Enable) for Set_Motor2_Enable
    main.o(i.main) refers to protocol.o(i.protocol_init) for protocol_init
    main.o(i.main) refers to pid.o(i.pid_param_init) for pid_param_init
    main.o(i.main) refers to dmp.o(i.mpu_dmp_init) for mpu_dmp_init
    main.o(i.main) refers to mpu6050.o(i.MPU6050_calibrate) for MPU6050_calibrate
    main.o(i.main) refers to protocol.o(i.receiving_process) for receiving_process
    main.o(i.main) refers to menu.o(i.MENU_Display) for MENU_Display
    main.o(i.main) refers to tim.o(.bss) for htim6
    main.o(i.main) refers to usart.o(.bss) for huart1
    main.o(i.main) refers to menu.o(.data) for ITEM_Num
    gpio.o(i.MX_GPIO_Init) refers to stm32f1xx_hal_gpio.o(i.HAL_GPIO_WritePin) for HAL_GPIO_WritePin
    gpio.o(i.MX_GPIO_Init) refers to stm32f1xx_hal_gpio.o(i.HAL_GPIO_Init) for HAL_GPIO_Init
    i2c.o(i.HAL_I2C_MspDeInit) refers to stm32f1xx_hal_gpio.o(i.HAL_GPIO_DeInit) for HAL_GPIO_DeInit
    i2c.o(i.HAL_I2C_MspInit) refers to stm32f1xx_hal_gpio.o(i.HAL_GPIO_Init) for HAL_GPIO_Init
    i2c.o(i.MX_I2C1_Init) refers to stm32f1xx_hal_i2c.o(i.HAL_I2C_Init) for HAL_I2C_Init
    i2c.o(i.MX_I2C1_Init) refers to main.o(i.Error_Handler) for Error_Handler
    i2c.o(i.MX_I2C1_Init) refers to i2c.o(.bss) for .bss
    tim.o(i.HAL_TIM_Base_MspDeInit) refers to stm32f1xx_hal_cortex.o(i.HAL_NVIC_DisableIRQ) for HAL_NVIC_DisableIRQ
    tim.o(i.HAL_TIM_Base_MspInit) refers to stm32f1xx_hal_cortex.o(i.HAL_NVIC_SetPriority) for HAL_NVIC_SetPriority
    tim.o(i.HAL_TIM_Base_MspInit) refers to stm32f1xx_hal_cortex.o(i.HAL_NVIC_EnableIRQ) for HAL_NVIC_EnableIRQ
[...]
    i.mpu_set_sensors                        0x08007860   Section        0  inv_mpu.o(i.mpu_set_sensors)
    i.mpu_write_mem                          0x0800793c   Section        0  inv_mpu.o(i.mpu_write_mem)
    i.pid_param_init                         0x080079ac   Section        0  pid.o(i.pid_param_init)
    i.protocol_data_recv                     0x08007a5c   Section        0  protocol.o(i.protocol_data_recv)
    i.protocol_frame_parse                   0x08007ab4   Section        0  protocol.o(i.protocol_frame_parse)
    protocol_frame_parse                     0x08007ab5   Thumb Code   430  protocol.o(i.protocol_frame_parse)
    i.protocol_init                          0x08007c6c   Section        0  protocol.o(i.protocol_init)
    i.receiving_process                      0x08007c84   Section        0  protocol.o(i.receiving_process)
    i.recvbuf_get_len_to_parse               0x08007cf0   Section        0  protocol.o(i.recvbuf_get_len_to_parse)
    recvbuf_get_len_to_parse                 0x08007cf1   Thumb Code    26  protocol.o(i.recvbuf_get_len_to_parse)
    i.run_self_test                          0x08007d0a   Section        0  dmp.o(i.run_self_test)
    i.set_int_enable                         0x08007d8c   Section        0  inv_mpu.o(i.set_int_enable)
    set_int_enable                           0x08007d8d   Thumb Code   110  inv_mpu.o(i.set_int_enable)
    i.sqrt                                   0x08007e04   Section        0  sqrt.o(i.sqrt)
    .constdata                               0x08007e50   Section     7696  oled.o(.constdata)
    .constdata                               0x08009c60   Section       30  inv_mpu.o(.constdata)
    .constdata                               0x08009c7e   Section       12  inv_mpu.o(.constdata)
    .constdata                               0x08009c8c   Section       40  inv_mpu.o(.constdata)
    .constdata                               0x08009cb4   Section     3062  inv_mpu_dmp_motion_driver.o(.constdata)
    dmp_memory                               0x08009cb4   Data        3062  inv_mpu_dmp_motion_driver.o(.constdata)
    .constdata                               0x0800a8aa   Section       18  stm32f1xx_hal_rcc.o(.constdata)
    aPredivFactorTable                       0x0800a8aa   Data           2  stm32f1xx_hal_rcc.o(.constdata)
    aPLLMULFactorTable                       0x0800a8ac   Data          16  stm32f1xx_hal_rcc.o(.constdata)
    .constdata                               0x0800a8bc   Section       16  system_stm32f1xx.o(.constdata)
    .constdata                               0x0800a8cc   Section        8  system_stm32f1xx.o(.constdata)
    .constdata                               0x0800a8d8   Section       80  asin.o(.constdata)
    pS                                       0x0800a8d8   Data          48  asin.o(.constdata)
    qS                                       0x0800a908   Data          32  asin.o(.constdata)
    .constdata                               0x0800a928   Section      152  atan.o(.constdata)
    atanhi                                   0x0800a928   Data          32  atan.o(.constdata)
    atanlo                                   0x0800a948   Data          32  atan.o(.constdata)
    aTodd                                    0x0800a968   Data          40  atan.o(.constdata)
    aTeven                                   0x0800a990   Data          48  atan.o(.constdata)
    .constdata                               0x0800a9c0   Section        8  qnan.o(.constdata)
    .data                                    0x20000000   Section        3  stm32f1xx_it.o(.data)
    count                                    0x20000000   Data           1  stm32f1xx_it.o(.data)
    .data                                    0x20000004   Section        4  delay.o(.data)
    fac_us                                   0x20000004   Data           4  delay.o(.data)
    .data                                    0x20000008   Section        3  key.o(.data)
    .data                                    0x2000000b   Section        1  menu.o(.data)
    .data                                    0x2000000c   Section        8  line.o(.data)
    .data                                    0x20000014   Section        8  motor.o(.data)
    direction1                               0x20000016   Data           1  motor.o(.data)
    direction2                               0x20000017   Data           1  motor.o(.data)
    dutyfactor1                              0x20000018   Data           2  motor.o(.data)
    dutyfactor2                              0x2000001a   Data           2  motor.o(.data)
    .data                                    0x2000001c   Section       12  encoder.o(.data)
    .data                                    0x20000028   Section       52  control.o(.data)
    .data                                    0x2000005c   Section        4  protocol.o(.data)
    .data                                    0x20000060   Section       48  mpu6050.o(.data)
    .data                                    0x20000090   Section       44  inv_mpu.o(.data)
    st                                       0x20000090   Data          44  inv_mpu.o(.data)
    .data                                    0x200000bc   Section        9  dmp.o(.data)
    gyro_orientation                         0x200000bc   Data           9  dmp.o(.data)
    .data                                    0x200000c8   Section        4  dmp.o(.data)
    .data                                    0x200000cc   Section        4  dmp.o(.data)
    .data                                    0x200000d0   Section        4  dmp.o(.data)
    .data                                    0x200000d4   Section       12  stm32f1xx_hal.o(.data)
    .data                                    0x200000e0   Section        4  system_stm32f1xx.o(.data)
    .data                                    0x200000e4   Section        4  errno.o(.data)
    _errno                                   0x200000e4   Data           4  errno.o(.data)
    .bss                                     0x200000e8   Section       84  i2c.o(.bss)
    .bss                                     0x2000013c   Section      360  tim.o(.bss)
    .bss                                     0x200002a4   Section       72  usart.o(.bss)
    .bss                                     0x200002ec   Section     1152  oled.o(.bss)
    .bss                                     0x2000076c   Section      512  menu.o(.bss)
    .bss                                     0x2000096c   Section      224  pid.o(.bss)
    .bss                                     0x20000a4c   Section      152  protocol.o(.bss)
    set_packet                               0x20000a4c   Data          10  protocol.o(.bss)
    parser                                   0x20000a58   Data          12  protocol.o(.bss)
    recv_buf                                 0x20000a64   Data         128  protocol.o(.bss)
    .bss                                     0x20000ae4   Section       14  mpu6050.o(.bss)
    .bss                                     0x20000af4   Section       16  inv_mpu_dmp_motion_driver.o(.bss)
    dmp                                      0x20000af4   Data          16  inv_mpu_dmp_motion_driver.o(.bss)
    STACK                                    0x20000b08   Section     1024  startup_stm32f103xe.o(STACK)

    Global Symbols

    Symbol Name                              Value     Ov Type        Size  Object(Section)

    BuildAttributes$$THM_ISAv4$P$D$K$B$S$PE$A:L22UL41UL21$X:L11$S22US41US21$IEEE1$IW$USESV6$~STKCKD$USESV7$~SHL$OTIME$ROPI$IEEEX$EBA8$MICROLIB$REQ8$PRES8$EABIv2 0x00000000   Number         0  anon$$obj.o ABSOLUTE
    __ARM_use_no_argv                        0x00000000   Number         0  main.o ABSOLUTE
    _printf_a                                0x00000000   Number         0  stubs.o ABSOLUTE
    _printf_c                                0x00000000   Number         0  stubs.o ABSOLUTE
    _printf_charcount                        0x00000000   Number         0  stubs.o ABSOLUTE
    _printf_d                                0x00000000   Number         0  stubs.o ABSOLUTE
    _printf_e                                0x00000000   Number         0  stubs.o ABSOLUTE
    _printf_f                                0x00000000   Number         0  stubs.o ABSOLUTE
    _printf_flags                            0x00000000   Number         0  stubs.o ABSOLUTE
    _printf_fp_dec                           0x00000000   Number         0  stubs.o ABSOLUTE
    _printf_fp_hex                           0x00000000   Number         0  stubs.o ABSOLUTE
    _printf_g                                0x00000000   Number         0  stubs.o ABSOLUTE
    _printf_i                                0x00000000   Number         0  stubs.o ABSOLUTE
    _printf_int_dec                          0x00000000   Number         0  stubs.o ABSOLUTE
    _printf_l                                0x00000000   Number         0  stubs.o ABSOLUTE
    _printf_lc                               0x00000000   Number         0  stubs.o ABSOLUTE
    _printf_ll                               0x00000000   Number         0  stubs.o ABSOLUTE
    _printf_lld                              0x00000000   Number         0  stubs.o ABSOLUTE
    _printf_lli                              0x00000000   Number         0  stubs.o ABSOLUTE
    _printf_llo                              0x00000000   Number         0  stubs.o ABSOLUTE
    _printf_llu                              0x00000000   Number         0  stubs.o ABSOLUTE
    _printf_llx                              0x00000000   Number         0  stubs.o ABSOLUTE
    _printf_longlong_dec                     0x00000000   Number         0  stubs.o ABSOLUTE
    _printf_longlong_hex                     0x00000000   Number         0  stubs.o ABSOLUTE
    _printf_longlong_oct                     0x00000000   Number         0  stubs.o ABSOLUTE
    _printf_ls                               0x00000000   Number         0  stubs.o ABSOLUTE
    _printf_mbtowc                           0x00000000   Number         0  stubs.o ABSOLUTE
    _printf_n                                0x00000000   Number         0  stubs.o ABSOLUTE
    _printf_o                                0x00000000   Number         0  stubs.o ABSOLUTE
    _printf_p                                0x00000000   Number         0  stubs.o ABSOLUTE
    _printf_percent                          0x00000000   Number         0  stubs.o ABSOLUTE
    _printf_pre_padding                      0x00000000   Number         0  stubs.o ABSOLUTE
    _printf_return_value                     0x00000000   Number         0  stubs.o ABSOLUTE
    _printf_s                                0x00000000   Number         0  stubs.o ABSOLUTE
    _printf_sizespec                         0x00000000   Number         0  stubs.o ABSOLUTE
    _printf_str                              0x00000000   Number         0  stubs.o ABSOLUTE
    _printf_truncate_signed                  0x00000000   Number         0  stubs.o ABSOLUTE
    _printf_truncate_unsigned                0x00000000   Number         0  stubs.o ABSOLUTE
    _printf_u                                0x00000000   Number         0  stubs.o ABSOLUTE
    _printf_wc                               0x00000000   Number         0  stubs.o ABSOLUTE
    _printf_wctomb                           0x00000000   Number         0  stubs.o ABSOLUTE
    _printf_widthprec                        0x00000000   Number         0  stubs.o ABSOLUTE
    _printf_x                                0x00000000   Number         0  stubs.o ABSOLUTE
    __cpp_initialize__aeabi_                  - Undefined Weak Reference
    __cxa_finalize                            - Undefined Weak Reference
    __decompress                              - Undefined Weak Reference
    _clock_init                               - Undefined Weak Reference
    _microlib_exit                            - Undefined Weak Reference
    __Vectors_Size                           0x00000130   Number         0  startup_stm32f103xe.o ABSOLUTE
    __Vectors                                0x08000000   Data           4  startup_stm32f103xe.o(RESET)
    __Vectors_End                            0x08000130   Data           0  startup_stm32f103xe.o(RESET)
    __main                                   0x08000131   Thumb Code     0  entry.o(.ARM.Collect$$$$00000000)
    _main_stk                                0x08000131   Thumb Code     0  entry2.o(.ARM.Collect$$$$00000001)
    _main_scatterload                        0x08000135   Thumb Code     0  entry5.o(.ARM.Collect$$$$00000004)
    __main_after_scatterload                 0x08000139   Thumb Code     0  entry5.o(.ARM.Collect$$$$00000004)
    _main_clock                              0x08000139   Thumb Code     0  entry7b.o(.ARM.Collect$$$$00000008)
    _main_cpp_init                           0x08000139   Thumb Code     0  entry8b.o(.ARM.Collect$$$$0000000A)
    _main_init                               0x08000139   Thumb Code     0  entry9a.o(.ARM.Collect$$$$0000000B)
    __rt_final_cpp                           0x08000141   Thumb Code     0  entry10a.o(.ARM.Collect$$$$0000000D)
    __rt_final_exit                          0x08000141   Thumb Code     0  entry11a.o(.ARM.Collect$$$$0000000F)
    Reset_Handler                            0x08000145   Thumb Code     8  startup_stm32f103xe.o(.text)
    ADC1_2_IRQHandler                        0x0800015f   Thumb Code     0  startup_stm32f103xe.o(.text)
    ADC3_IRQHandler                          0x0800015f   Thumb Code     0  startup_stm32f103xe.o(.text)
    CAN1_RX1_IRQHandler                      0x0800015f   Thumb Code     0  startup_stm32f103xe.o(.text)
    CAN1_SCE_IRQHandler                      0x0800015f   Thumb Code     0  startup_stm32f103xe.o(.text)
    DMA1_Channel1_IRQHandler                 0x0800015f   Thumb Code     0  startup_stm32f103xe.o(.text)
    DMA1_Channel2_IRQHandler                 0x0800015f   Thumb Code     0  startup_stm32f103xe.o(.text)
    DMA1_Channel3_IRQHandler                 0x0800015f   Thumb Code     0  startup_stm32f103xe.o(.text)
    DMA1_Channel4_IRQHandler                 0x0800015f   Thumb Code     0  startup_stm32f103xe.o(.text)
    DMA1_Channel5_IRQHandler                 0x0800015f   Thumb Code     0  startup_stm32f103xe.o(.text)
    DMA1_Channel6_IRQHandler                 0x0800015f   Thumb Code     0  startup_stm32f103xe.o(.text)
    DMA1_Channel7_IRQHandler                 0x0800015f   Thumb Code     0  startup_stm32f103xe.o(.text)
    DMA2_Channel1_IRQHandler                 0x0800015f   Thumb Code     0  startup_stm32f103xe.o(.text)
    DMA2_Channel2_IRQHandler                 0x0800015f   Thumb Code     0  startup_stm32f103xe.o(.text)
    DMA2_Channel3_IRQHandler                 0x0800015f   Thumb Code     0  startup_stm32f103xe.o(.text)
    DMA2_Channel4_5_IRQHandler               0x0800015f   Thumb Code     0  startup_stm32f103xe.o(.text)
    EXTI0_IRQHandler                         0x0800015f   Thumb Code     0  startup_stm32f103xe.o(.text)
    EXTI15_10_IRQHandler                     0x0800015f   Thumb Code     0  startup_stm32f103xe.o(.text)
    EXTI1_IRQHandler                         0x0800015f   Thumb Code     0  startup_stm32f103xe.o(.text)
    EXTI2_IRQHandler                         0x0800015f   Thumb Code     0  startup_stm32f103xe.o(.text)
    EXTI3_IRQHandler                         0x0800015f   Thumb Code     0  startup_stm32f103xe.o(.text)
    EXTI4_IRQHandler                         0x0800015f   Thumb Code     0  startup_stm32f103xe.o(.text)
    EXTI9_5_IRQHandler                       0x0800015f   Thumb Code     0  startup_stm32f103xe.o(.text)
    FLASH_IRQHandler                         0x0800015f   Thumb Code     0  startup_stm32f103xe.o(.text)
    FSMC_IRQHandler                          0x0800015f   Thumb Code     0  startup_stm32f103xe.o(.text)
    I2C1_ER_IRQHandler                       0x0800015f   Thumb Code     0  startup_stm32f103xe.o(.text)
    I2C1_EV_IRQHandler                       0x0800015f   Thumb Code     0  startup_stm32f103xe.o(.text)
    I2C2_ER_IRQHandler                       0x0800015f   Thumb Code     0  startup_stm32f103xe.o(.text)
    I2C2_EV_IRQHandler                       0x0800015f   Thumb Code     0  startup_stm32f103xe.o(.text)
    PVD_IRQHandler                           0x0800015f   Thumb Code     0  startup_stm32f103xe.o(.text)
    RCC_IRQHandler                           0x0800015f   Thumb Code     0  startup_stm32f103xe.o(.text)
    RTC_Alarm_IRQHandler                     0x0800015f   Thumb Code     0  startup_stm32f103xe.o(.text)
    RTC_IRQHandler                           0x0800015f   Thumb Code     0  startup_stm32f103xe.o(.text)
    SDIO_IRQHandler                          0x0800015f   Thumb Code     0  startup_stm32f103xe.o(.text)
    SPI1_IRQHandler                          0x0800015f   Thumb Code     0  startup_stm32f103xe.o(.text)
    SPI2_IRQHandler                          0x0800015f   Thumb Code     0  startup_stm32f103xe.o(.text)
    SPI3_IRQHandler                          0x0800015f   Thumb Code     0  startup_stm32f103xe.o(.text)
    TAMPER_IRQHandler                        0x0800015f   Thumb Code     0  startup_stm32f103xe.o(.text)
    TIM1_BRK_IRQHandler                      0x0800015f   Thumb Code     0  startup_stm32f103xe.o(.text)
    TIM1_CC_IRQHandler                       0x0800015f   Thumb Code     0  startup_stm32f103xe.o(.text)
    TIM1_TRG_COM_IRQHandler                  0x0800015f   Thumb Code     0  startup_stm32f103xe.o(.text)
    TIM1_UP_IRQHandler                       0x0800015f   Thumb Code     0  startup_stm32f103xe.o(.text)
    TIM2_IRQHandler                          0x0800015f   Thumb Code     0  startup_stm32f103xe.o(.text)
    TIM3_IRQHandler                          0x0800015f   Thumb Code     0  startup_stm32f103xe.o(.text)
    TIM4_IRQHandler                          0x0800015f   Thumb Code     0  startup_stm32f103xe.o(.text)
    TIM5_IRQHandler                          0x0800015f   Thumb Code     0  startup_stm32f103xe.o(.text)
    TIM7_IRQHandler                          0x0800015f   Thumb Code     0  startup_stm32f103xe.o(.text)
    TIM8_BRK_IRQHandler                      0x0800015f   Thumb Code     0  startup_stm32f103xe.o(.text)
    TIM8_CC_IRQHandler                       0x0800015f   Thumb Code     0  startup_stm32f103xe.o(.text)
    TIM8_TRG_COM_IRQHandler                  0x0800015f   Thumb Code     0  startup_stm32f103xe.o(.text)
    TIM8_UP_IRQHandler                       0x0800015f   Thumb Code     0  startup_stm32f103xe.o(.text)
    UART4_IRQHandler                         0x0800015f   Thumb Code     0  startup_stm32f103xe.o(.text)
    UART5_IRQHandler                         0x0800015f   Thumb Code     0  startup_stm32f103xe.o(.text)
    USART2_IRQHandler                        0x0800015f   Thumb Code     0  startup_stm32f103xe.o(.text)
    USART3_IRQHandler                        0x0800015f   Thumb Code     0  startup_stm32f103xe.o(.text)
    USBWakeUp_IRQHandler                     0x0800015f   Thumb Code     0  startup_stm32f103xe.o(.text)
    USB_HP_CAN1_TX_IRQHandler                0x0800015f   Thumb Code     0  startup_stm32f103xe.o(.text)
    USB_LP_CAN1_RX0_IRQHandler               0x0800015f   Thumb Code     0  startup_stm32f103xe.o(.text)
    WWDG_IRQHandler                          0x0800015f   Thumb Code     0  startup_stm32f103xe.o(.text)
    __aeabi_ldivmod                          0x08000169   Thumb Code    98  ldiv.o(.text)
    __aeabi_llsr                             0x080001cb   Thumb Code    32  llushr.o(.text)
    _ll_ushift_r                             0x080001cb   Thumb Code     0  llushr.o(.text)
    __aeabi_memcpy                           0x080001eb   Thumb Code    36  memcpya.o(.text)
    __aeabi_memcpy4                          0x080001eb   Thumb Code     0  memcpya.o(.text)
    __aeabi_memcpy8                          0x080001eb   Thumb Code     0  memcpya.o(.text)
    __aeabi_memset                           0x0800020f   Thumb Code    14  memseta.o(.text)
    __aeabi_memset4                          0x0800020f   Thumb Code     0  memseta.o(.text)
    __aeabi_memset8                          0x0800020f   Thumb Code     0  memseta.o(.text)
    __aeabi_memclr                           0x0800021d   Thumb Code     4  memseta.o(.text)
    __aeabi_memclr4                          0x0800021d   Thumb Code     0  memseta.o(.text)
    __aeabi_memclr8                          0x0800021d   Thumb Code     0  memseta.o(.text)
    _memset$wrapper                          0x08000221   Thumb Code    18  memseta.o(.text)
    memcmp                                   0x08000233   Thumb Code    26  memcmp.o(.text)
    __aeabi_fadd                             0x0800024d   Thumb Code   164  fadd.o(.text)
    __aeabi_fsub                             0x080002f1   Thumb Code     6  fadd.o(.text)
    __aeabi_frsub                            0x080002f7   Thumb Code     6  fadd.o(.text)
    __aeabi_fmul                             0x080002fd   Thumb Code   100  fmul.o(.text)
    __aeabi_fdiv                             0x08000361   Thumb Code   124  fdiv.o(.text)
    __ARM_scalbnf                            0x080003dd   Thumb Code    24  fscalb.o(.text)
    scalbnf                                  0x080003dd   Thumb Code     0  fscalb.o(.text)
    __aeabi_dmul                             0x080003f5   Thumb Code   228  dmul.o(.text)
    __aeabi_ddiv                             0x080004d9   Thumb Code   222  ddiv.o(.text)
    __aeabi_i2f                              0x080005b7   Thumb Code    18  fflti.o(.text)
    __aeabi_ui2f                             0x080005c9   Thumb Code    10  ffltui.o(.text)
    __aeabi_i2d                              0x080005d3   Thumb Code    34  dflti.o(.text)
    __aeabi_f2iz                             0x080005f5   Thumb Code    50  ffixi.o(.text)
    __aeabi_f2uiz                            0x08000627   Thumb Code    40  ffixui.o(.text)
    __aeabi_f2d                              0x0800064f   Thumb Code    38  f2d.o(.text)
    __aeabi_d2f                              0x08000675   Thumb Code    56  d2f.o(.text)
    __aeabi_uidiv                            0x080006ad   Thumb Code     0  uidiv.o(.text)
    __aeabi_uidivmod                         0x080006ad   Thumb Code    44  uidiv.o(.text)
    __aeabi_uldivmod                         0x080006d9   Thumb Code    98  uldiv.o(.text)
    __I$use$fp                               0x0800073b   Thumb Code     0  iusefp.o(.text)
    _float_round                             0x0800073b   Thumb Code    18  fepilogue.o(.text)
    _float_epilogue                          0x0800074d   Thumb Code    92  fepilogue.o(.text)
    _double_round                            0x080007a9   Thumb Code    30  depilogue.o(.text)
    _double_epilogue                         0x080007c7   Thumb Code   156  depilogue.o(.text)
    __aeabi_dadd                             0x08000863   Thumb Code   322  dadd.o(.text)
    __aeabi_dsub                             0x080009a5   Thumb Code     6  dadd.o(.text)
    __aeabi_drsub                            0x080009ab   Thumb Code     6  dadd.o(.text)
    __ARM_scalbn                             0x080009b1   Thumb Code    46  dscalb.o(.text)
    scalbn                                   0x080009b1   Thumb Code     0  dscalb.o(.text)
    __aeabi_d2ulz                            0x080009df   Thumb Code    48  dfixul.o(.text)
    __aeabi_cdrcmple                         0x08000a11   Thumb Code    48  cdrcmple.o(.text)
    __scatterload                            0x08000a41   Thumb Code    28  init.o(.text)
    __scatterload_rt2                        0x08000a41   Thumb Code     0  init.o(.text)
    __aeabi_llsl                             0x08000a65   Thumb Code    30  llshl.o(.text)
    _ll_shift_l                              0x08000a65   Thumb Code     0  llshl.o(.text)
    __aeabi_lasr                             0x08000a83   Thumb Code    36  llsshr.o(.text)
    _ll_sshift_r                             0x08000a83   Thumb Code     0  llsshr.o(.text)
    _dsqrt                                   0x08000aa7   Thumb Code   162  dsqrt.o(.text)
    BusFault_Handler                         0x08000b49   Thumb Code     2  stm32f1xx_it.o(i.BusFault_Handler)
    DebugMon_Handler                         0x08000b4b   Thumb Code     2  stm32f1xx_it.o(i.DebugMon_Handler)
    Error_Handler                            0x08000b4d   Thumb Code     4  main.o(i.Error_Handler)
    Get_Motor_Pulse                          0x08000b51   Thumb Code    46  encoder.o(i.Get_Motor_Pulse)
    HAL_DMA_Abort                            0x08000b8d   Thumb Code    70  stm32f1xx_hal_dma.o(i.HAL_DMA_Abort)
    HAL_DMA_Abort_IT                         0x08000bd5   Thumb Code   296  stm32f1xx_hal_dma.o(i.HAL_DMA_Abort_IT)
    HAL_Delay                                0x08000d05   Thumb Code    32  stm32f1xx_hal.o(i.HAL_Delay)
    HAL_GPIO_Init                            0x08000d29   Thumb Code   462  stm32f1xx_hal_gpio.o(i.HAL_GPIO_Init)
    HAL_GPIO_ReadPin                         0x08000f21   Thumb Code    10  stm32f1xx_hal_gpio.o(i.HAL_GPIO_ReadPin)
    HAL_GPIO_TogglePin                       0x08000f2b   Thumb Code    16  stm32f1xx_hal_gpio.o(i.HAL_GPIO_TogglePin)
    HAL_GPIO_WritePin                        0x08000f3b   Thumb Code    10  stm32f1xx_hal_gpio.o(i.HAL_GPIO_WritePin)
    HAL_GetTick                              0x08000f45   Thumb Code     6  stm32f1xx_hal.o(i.HAL_GetTick)
    HAL_I2C_Init                             0x08000f51   Thumb Code   376  stm32f1xx_hal_i2c.o(i.HAL_I2C_Init)
    HAL_I2C_Mem_Read                         0x080010d9   Thumb Code   586  stm32f1xx_hal_i2c.o(i.HAL_I2C_Mem_Read)
    HAL_I2C_Mem_Write                        0x08001335   Thumb Code   294  stm32f1xx_hal_i2c.o(i.HAL_I2C_Mem_Write)
    HAL_I2C_MspInit                          0x08001465   Thumb Code    96  i2c.o(i.HAL_I2C_MspInit)
    HAL_IncTick                              0x080014d5   Thumb Code    12  stm32f1xx_hal.o(i.HAL_IncTick)
    HAL_Init                                 0x080014e5   Thumb Code    32  stm32f1xx_hal.o(i.HAL_Init)
    HAL_InitTick                             0x08001509   Thumb Code    54  stm32f1xx_hal.o(i.HAL_InitTick)
    HAL_MspInit                              0x08001549   Thumb Code    52  stm32f1xx_hal_msp.o(i.HAL_MspInit)
    HAL_NVIC_EnableIRQ                       0x08001585   Thumb Code    26  stm32f1xx_hal_cortex.o(i.HAL_NVIC_EnableIRQ)
    HAL_NVIC_SetPriority                     0x080015a1   Thumb Code    60  stm32f1xx_hal_cortex.o(i.HAL_NVIC_SetPriority)
    HAL_NVIC_SetPriorityGrouping             0x080015e1   Thumb Code    26  stm32f1xx_hal_cortex.o(i.HAL_NVIC_SetPriorityGrouping)
    HAL_NVIC_SystemReset                     0x08001605   Thumb Code    26  stm32f1xx_hal_cortex.o(i.HAL_NVIC_SystemReset)
    HAL_RCC_ClockConfig                      0x08001629   Thumb Code   280  stm32f1xx_hal_rcc.o(i.HAL_RCC_ClockConfig)
    HAL_RCC_GetPCLK1Freq                     0x08001755   Thumb Code    20  stm32f1xx_hal_rcc.o(i.HAL_RCC_GetPCLK1Freq)
    HAL_RCC_GetPCLK2Freq                     0x08001775   Thumb Code    20  stm32f1xx_hal_rcc.o(i.HAL_RCC_GetPCLK2Freq)
    HAL_RCC_GetSysClockFreq                  0x08001795   Thumb Code    58  stm32f1xx_hal_rcc.o(i.HAL_RCC_GetSysClockFreq)
    HAL_RCC_OscConfig                        0x080017e1   Thumb Code   778  stm32f1xx_hal_rcc.o(i.HAL_RCC_OscConfig)
    HAL_SYSTICK_CLKSourceConfig              0x08001b01   Thumb Code    24  stm32f1xx_hal_cortex.o(i.HAL_SYSTICK_CLKSourceConfig)
    HAL_SYSTICK_Config                       0x08001b19   Thumb Code    40  stm32f1xx_hal_cortex.o(i.HAL_SYSTICK_Config)
    HAL_TIMEx_BreakCallback                  0x08001b41   Thumb Code     2  stm32f1xx_hal_tim_ex.o(i.HAL_TIMEx_BreakCallback)
    HAL_TIMEx_CommutCallback                 0x08001b43   Thumb Code     2  stm32f1xx_hal_tim_ex.o(i.HAL_TIMEx_CommutCallback)
    HAL_TIMEx_MasterConfigSynchronization    0x08001b45   Thumb Code   104  stm32f1xx_hal_tim_ex.o(i.HAL_TIMEx_MasterConfigSynchronization)
    HAL_TIM_Base_Init                        0x08001bc1   Thumb Code    90  stm32f1xx_hal_tim.o(i.HAL_TIM_Base_Init)
    HAL_TIM_Base_MspInit                     0x08001c1d   Thumb Code    50  tim.o(i.HAL_TIM_Base_MspInit)
    HAL_TIM_Base_Start_IT                    0x08001c59   Thumb Code    88  stm32f1xx_hal_tim.o(i.HAL_TIM_Base_Start_IT)
    HAL_TIM_Encoder_Init                     0x08001cc5   Thumb Code   164  stm32f1xx_hal_tim.o(i.HAL_TIM_Encoder_Init)
    HAL_TIM_Encoder_MspInit                  0x08001d69   Thumb Code   120  tim.o(i.HAL_TIM_Encoder_MspInit)
    HAL_TIM_Encoder_Start                    0x08001df5   Thumb Code   142  stm32f1xx_hal_tim.o(i.HAL_TIM_Encoder_Start)
    HAL_TIM_IC_CaptureCallback               0x08001e83   Thumb Code     2  stm32f1xx_hal_tim.o(i.HAL_TIM_IC_CaptureCallback)
    HAL_TIM_IRQHandler                       0x08001e85   Thumb Code   304  stm32f1xx_hal_tim.o(i.HAL_TIM_IRQHandler)
    HAL_TIM_MspPostInit                      0x08001fb5   Thumb Code   152  tim.o(i.HAL_TIM_MspPostInit)
    HAL_TIM_OC_DelayElapsedCallback          0x08002061   Thumb Code     2  stm32f1xx_hal_tim.o(i.HAL_TIM_OC_DelayElapsedCallback)
    HAL_TIM_PWM_ConfigChannel                0x08002063   Thumb Code   204  stm32f1xx_hal_tim.o(i.HAL_TIM_PWM_ConfigChannel)
    HAL_TIM_PWM_Init                         0x0800212f   Thumb Code    90  stm32f1xx_hal_tim.o(i.HAL_TIM_PWM_Init)
    HAL_TIM_PWM_MspInit                      0x08002189   Thumb Code    52  tim.o(i.HAL_TIM_PWM_MspInit)
    HAL_TIM_PWM_PulseFinishedCallback        0x080021c5   Thumb Code     2  stm32f1xx_hal_tim.o(i.HAL_TIM_PWM_PulseFinishedCallback)
    HAL_TIM_PWM_Start                        0x080021c9   Thumb Code   160  stm32f1xx_hal_tim.o(i.HAL_TIM_PWM_Start)
    HAL_TIM_PWM_Stop                         0x0800227d   Thumb Code   114  stm32f1xx_hal_tim.o(i.HAL_TIM_PWM_Stop)
    HAL_TIM_PeriodElapsedCallback            0x080022f9   Thumb Code    80  control.o(i.HAL_TIM_PeriodElapsedCallback)
    HAL_TIM_TriggerCallback                  0x08002361   Thumb Code     2  stm32f1xx_hal_tim.o(i.HAL_TIM_TriggerCallback)
    HAL_UARTEx_RxEventCallback               0x08002363   Thumb Code     2  stm32f1xx_hal_uart.o(i.HAL_UARTEx_RxEventCallback)
    HAL_UART_ErrorCallback                   0x08002365   Thumb Code     2  stm32f1xx_hal_uart.o(i.HAL_UART_ErrorCallback)
    HAL_UART_IRQHandler                      0x08002369   Thumb Code   616  stm32f1xx_hal_uart.o(i.HAL_UART_IRQHandler)
    HAL_UART_Init                            0x080025d5   Thumb Code   100  stm32f1xx_hal_uart.o(i.HAL_UART_Init)
    HAL_UART_MspInit                         0x08002639   Thumb Code   116  usart.o(i.HAL_UART_MspInit)
    HAL_UART_RxCpltCallback                  0x080026b9   Thumb Code     2  stm32f1xx_hal_uart.o(i.HAL_UART_RxCpltCallback)
    HAL_UART_TxCpltCallback                  0x080026bb   Thumb Code     2  stm32f1xx_hal_uart.o(i.HAL_UART_TxCpltCallback)
    HardFault_Handler                        0x080026bd   Thumb Code     2  stm32f1xx_it.o(i.HardFault_Handler)
    I2C_Start                                0x08002891   Thumb Code    60  oled.o(i.I2C_Start)
    I2C_Stop                                 0x080028d1   Thumb Code    42  oled.o(i.I2C_Stop)
    I2C_WaitAck                              0x08002901   Thumb Code    50  oled.o(i.I2C_WaitAck)
    IIC_Read                                 0x08002ba5   Thumb Code    22  mpu6050.o(i.IIC_Read)
    IIC_delay                                0x08002bc1   Thumb Code    10  oled.o(i.IIC_delay)
    KEY_Read                                 0x08002bcd   Thumb Code    56  key.o(i.KEY_Read)
    KEY_Scan                                 0x08002c09   Thumb Code    50  key.o(i.KEY_Scan)
    LINE_Scan                                0x08002c41   Thumb Code   242  line.o(i.LINE_Scan)
    MENU_Display                             0x08002d41   Thumb Code  2350  menu.o(i.MENU_Display)
    MENU_Item                                0x08003761   Thumb Code   338  menu.o(i.MENU_Item)
    MPU6050_Get                              0x080038bd   Thumb Code   274  mpu6050.o(i.MPU6050_Get)
    MPU6050_calibrate                        0x080039e1   Thumb Code   176  mpu6050.o(i.MPU6050_calibrate)
    MX_GPIO_Init                             0x08003a95   Thumb Code   222  gpio.o(i.MX_GPIO_Init)
    MX_I2C1_Init                             0x08003b85   Thumb Code    50  i2c.o(i.MX_I2C1_Init)
    MX_TIM2_Init                             0x08003bc5   Thumb Code   122  tim.o(i.MX_TIM2_Init)
    MX_TIM3_Init                             0x08003c45   Thumb Code   120  tim.o(i.MX_TIM3_Init)
    MX_TIM4_Init                             0x08003cc5   Thumb Code    98  tim.o(i.MX_TIM4_Init)
    MX_TIM5_Init                             0x08003d31   Thumb Code    98  tim.o(i.MX_TIM5_Init)
    MX_TIM6_Init                             0x08003d9d   Thumb Code    62  tim.o(i.MX_TIM6_Init)
    MX_USART1_UART_Init                      0x08003de5   Thumb Code    48  usart.o(i.MX_USART1_UART_Init)
    MemManage_Handler                        0x08003e1d   Thumb Code     2  stm32f1xx_it.o(i.MemManage_Handler)
    NMI_Handler                              0x08003e1f   Thumb Code     2  stm32f1xx_it.o(i.NMI_Handler)
    OLED_Clear                               0x08003e21   Thumb Code    40  oled.o(i.OLED_Clear)
    OLED_ColorTurn                           0x08003e4d   Thumb Code    24  oled.o(i.OLED_ColorTurn)
    OLED_DisplayTurn                         0x08003e65   Thumb Code    44  oled.o(i.OLED_DisplayTurn)
    OLED_DrawLine                            0x08003e91   Thumb Code   156  oled.o(i.OLED_DrawLine)
    OLED_DrawPoint                           0x08003f2d   Thumb Code    40  oled.o(i.OLED_DrawPoint)
    OLED_Init                                0x08003f59   Thumb Code   244  oled.o(i.OLED_Init)
    OLED_Refresh                             0x0800404d   Thumb Code   100  oled.o(i.OLED_Refresh)
    OLED_ShowChar                            0x080040b5   Thumb Code   212  oled.o(i.OLED_ShowChar)
    OLED_ShowString                          0x08004199   Thumb Code    60  oled.o(i.OLED_ShowString)
    OLED_WR_Byte                             0x080041d5   Thumb Code    54  oled.o(i.OLED_WR_Byte)
    PendSV_Handler                           0x0800420b   Thumb Code     2  stm32f1xx_it.o(i.PendSV_Handler)
    SVC_Handler                              0x0800420d   Thumb Code     2  stm32f1xx_it.o(i.SVC_Handler)
    Send_Byte                                0x08004211   Thumb Code    68  oled.o(i.Send_Byte)
    Set_Motor1_Disable                       0x08004259   Thumb Code    28  motor.o(i.Set_Motor1_Disable)
    Set_Motor1_Enable                        0x0800427d   Thumb Code    28  motor.o(i.Set_Motor1_Enable)
    Set_Motor2_Disable                       0x080042a1   Thumb Code    28  motor.o(i.Set_Motor2_Disable)
    Set_Motor2_Enable                        0x080042c5   Thumb Code    28  motor.o(i.Set_Motor2_Enable)
    SysTick_Handler                          0x080042e9   Thumb Code    54  stm32f1xx_it.o(i.SysTick_Handler)
    SystemClock_Config                       0x08004331   Thumb Code    94  main.o(i.SystemClock_Config)
    SystemInit                               0x0800438f   Thumb Code     2  system_stm32f1xx.o(i.SystemInit)
    TIM6_IRQHandler                          0x08004391   Thumb Code     6  stm32f1xx_it.o(i.TIM6_IRQHandler)
    TIM_Base_SetConfig                       0x0800439d   Thumb Code   134  stm32f1xx_hal_tim.o(i.TIM_Base_SetConfig)
    TIM_CCxChannelCmd                        0x08004439   Thumb Code    26  stm32f1xx_hal_tim.o(i.TIM_CCxChannelCmd)
    TIM_OC2_SetConfig                        0x080044b5   Thumb Code    98  stm32f1xx_hal_tim.o(i.TIM_OC2_SetConfig)
    USART1_IRQHandler                        0x080047b1   Thumb Code    46  stm32f1xx_it.o(i.USART1_IRQHandler)
    UsageFault_Handler                       0x080047ed   Thumb Code     2  stm32f1xx_it.o(i.UsageFault_Handler)
    __0sprintf                               0x080047f1   Thumb Code    34  printfa.o(i.__0sprintf)
    __1sprintf                               0x080047f1   Thumb Code     0  printfa.o(i.__0sprintf)
    __2sprintf                               0x080047f1   Thumb Code     0  printfa.o(i.__0sprintf)
    __c89sprintf                             0x080047f1   Thumb Code     0  printfa.o(i.__0sprintf)
    sprintf                                  0x080047f1   Thumb Code     0  printfa.o(i.__0sprintf)
    __ARM_fpclassify                         0x08004819   Thumb Code    40  fpclassify.o(i.__ARM_fpclassify)
    __kernel_poly                            0x08004861   Thumb Code   170  poly.o(i.__kernel_poly)
    __mathlib_dbl_infnan                     0x0800490b   Thumb Code     6  dunder.o(i.__mathlib_dbl_infnan)
    __mathlib_dbl_infnan2                    0x08004911   Thumb Code     4  dunder.o(i.__mathlib_dbl_infnan2)
    __mathlib_dbl_invalid                    0x08004915   Thumb Code    12  dunder.o(i.__mathlib_dbl_invalid)
    __mathlib_dbl_underflow                  0x08004921   Thumb Code    10  dunder.o(i.__mathlib_dbl_underflow)
    __scatterload_copy                       0x08004931   Thumb Code    14  handlers.o(i.__scatterload_copy)
    __scatterload_null                       0x0800493f   Thumb Code     2  handlers.o(i.__scatterload_null)
    __scatterload_zeroinit                   0x08004941   Thumb Code    14  handlers.o(i.__scatterload_zeroinit)
    __set_errno                              0x08004951   Thumb Code     6  errno.o(i.__set_errno)
    asin                                     0x0800529d   Thumb Code   572  asin.o(i.asin)
    atan                                     0x0800550d   Thumb Code   474  atan.o(i.atan)
    atan2                                    0x0800572d   Thumb Code   346  atan2.o(i.atan2)
    check_sum                                0x080058ad   Thumb Code    20  protocol.o(i.check_sum)
    delay_init                               0x080058c1   Thumb Code    16  delay.o(i.delay_init)
    delay_ms                                 0x080058d5   Thumb Code    26  delay.o(i.delay_ms)
    delay_us                                 0x080058f1   Thumb Code    48  delay.o(i.delay_us)
    dmp_enable_6x_lp_quat                    0x08005925   Thumb Code    58  inv_mpu_dmp_motion_driver.o(i.dmp_enable_6x_lp_quat)
    dmp_enable_feature                       0x08005961   Thumb Code   464  inv_mpu_dmp_motion_driver.o(i.dmp_enable_feature)
    dmp_enable_gyro_cal                      0x08005b39   Thumb Code    34  inv_mpu_dmp_motion_driver.o(i.dmp_enable_gyro_cal)
    dmp_enable_lp_quat                       0x08005b75   Thumb Code    58  inv_mpu_dmp_motion_driver.o(i.dmp_enable_lp_quat)
    dmp_load_motion_driver_firmware          0x08005bb1   Thumb Code    16  inv_mpu_dmp_motion_driver.o(i.dmp_load_motion_driver_firmware)
    dmp_read_fifo                            0x08005bc5   Thumb Code   322  inv_mpu_dmp_motion_driver.o(i.dmp_read_fifo)
    dmp_set_accel_bias                       0x08005d0d   Thumb Code   210  inv_mpu_dmp_motion_driver.o(i.dmp_set_accel_bias)
    dmp_set_fifo_rate                        0x08005de5   Thumb Code    82  inv_mpu_dmp_motion_driver.o(i.dmp_set_fifo_rate)
    dmp_set_gyro_bias                        0x08005e49   Thumb Code   196  inv_mpu_dmp_motion_driver.o(i.dmp_set_gyro_bias)
    dmp_set_orientation                      0x08005f15   Thumb Code   246  inv_mpu_dmp_motion_driver.o(i.dmp_set_orientation)
    dmp_set_shake_reject_thresh              0x08006021   Thumb Code    48  inv_mpu_dmp_motion_driver.o(i.dmp_set_shake_reject_thresh)
    dmp_set_shake_reject_time                0x08006051   Thumb Code    32  inv_mpu_dmp_motion_driver.o(i.dmp_set_shake_reject_time)
    dmp_set_shake_reject_timeout             0x08006071   Thumb Code    32  inv_mpu_dmp_motion_driver.o(i.dmp_set_shake_reject_timeout)
    dmp_set_tap_axes                         0x08006091   Thumb Code    64  inv_mpu_dmp_motion_driver.o(i.dmp_set_tap_axes)
    dmp_set_tap_count                        0x080060d1   Thumb Code    34  inv_mpu_dmp_motion_driver.o(i.dmp_set_tap_count)
    dmp_set_tap_thresh                       0x080060f5   Thumb Code   274  inv_mpu_dmp_motion_driver.o(i.dmp_set_tap_thresh)
    dmp_set_tap_time                         0x0800621d   Thumb Code    32  inv_mpu_dmp_motion_driver.o(i.dmp_set_tap_time)
    dmp_set_tap_time_multi                   0x0800623d   Thumb Code    32  inv_mpu_dmp_motion_driver.o(i.dmp_set_tap_time_multi)
    inv_orientation_matrix_to_scalar         0x08006801   Thumb Code    34  dmp.o(i.inv_orientation_matrix_to_scalar)
    inv_row_2_scale                          0x08006823   Thumb Code    72  dmp.o(i.inv_row_2_scale)
    main                                     0x0800686d   Thumb Code   172  main.o(i.main)
    mpu_configure_fifo                       0x08006935   Thumb Code    78  inv_mpu.o(i.mpu_configure_fifo)
    mpu_dmp_get_data                         0x08006989   Thumb Code   392  dmp.o(i.mpu_dmp_get_data)
    mpu_dmp_init                             0x08006b15   Thumb Code   162  dmp.o(i.mpu_dmp_init)
    mpu_get_accel_fsr                        0x08006bbd   Thumb Code    54  inv_mpu.o(i.mpu_get_accel_fsr)
    mpu_get_accel_sens                       0x08006bf9   Thumb Code    62  inv_mpu.o(i.mpu_get_accel_sens)
    mpu_get_gyro_fsr                         0x08006c3d   Thumb Code    48  inv_mpu.o(i.mpu_get_gyro_fsr)
    mpu_get_gyro_sens                        0x08006c71   Thumb Code    44  inv_mpu.o(i.mpu_get_gyro_sens)
    mpu_get_lpf                              0x08006cb1   Thumb Code    52  inv_mpu.o(i.mpu_get_lpf)
    mpu_get_sample_rate                      0x08006ce9   Thumb Code    22  inv_mpu.o(i.mpu_get_sample_rate)
    mpu_get_temperature                      0x08006d05   Thumb Code   130  inv_mpu.o(i.mpu_get_temperature)
    mpu_init                                 0x08006d95   Thumb Code   332  inv_mpu.o(i.mpu_init)
    mpu_load_firmware                        0x08006ee9   Thumb Code   164  inv_mpu.o(i.mpu_load_firmware)
    mpu_lp_accel_mode                        0x08006f95   Thumb Code   198  inv_mpu.o(i.mpu_lp_accel_mode)
    mpu_read_fifo_stream                     0x08007065   Thumb Code   178  inv_mpu.o(i.mpu_read_fifo_stream)
    mpu_read_mem                             0x08007121   Thumb Code   104  inv_mpu.o(i.mpu_read_mem)
    mpu_reset_fifo                           0x08007191   Thumb Code   416  inv_mpu.o(i.mpu_reset_fifo)
    mpu_run_self_test                        0x08007339   Thumb Code   234  inv_mpu.o(i.mpu_run_self_test)
    mpu_set_accel_fsr                        0x08007429   Thumb Code   110  inv_mpu.o(i.mpu_set_accel_fsr)
    mpu_set_bypass                           0x080074a1   Thumb Code   290  inv_mpu.o(i.mpu_set_bypass)
    mpu_set_dmp_state                        0x080075cd   Thumb Code   136  inv_mpu.o(i.mpu_set_dmp_state)
    mpu_set_gyro_fsr                         0x0800765d   Thumb Code   116  inv_mpu.o(i.mpu_set_gyro_fsr)
    mpu_set_int_latched                      0x080076d9   Thumb Code   106  inv_mpu.o(i.mpu_set_int_latched)
    mpu_set_lpf                              0x0800774d   Thumb Code   118  inv_mpu.o(i.mpu_set_lpf)
    mpu_set_sample_rate                      0x080077cd   Thumb Code   140  inv_mpu.o(i.mpu_set_sample_rate)
    mpu_set_sensors                          0x08007861   Thumb Code   212  inv_mpu.o(i.mpu_set_sensors)
    mpu_write_mem                            0x0800793d   Thumb Code   104  inv_mpu.o(i.mpu_write_mem)
    pid_param_init                           0x080079ad   Thumb Code   152  pid.o(i.pid_param_init)
    protocol_data_recv                       0x08007a5d   Thumb Code    82  protocol.o(i.protocol_data_recv)
    protocol_init                            0x08007c6d   Thumb Code    20  protocol.o(i.protocol_init)
    receiving_process                        0x08007c85   Thumb Code   102  protocol.o(i.receiving_process)
    run_self_test                            0x08007d0b   Thumb Code   128  dmp.o(i.run_self_test)
    sqrt                                     0x08007e05   Thumb Code    76  sqrt.o(i.sqrt)
    asc2_0806                                0x08007e50   Data         552  oled.o(.constdata)
    asc2_1206                                0x08008078   Data        1140  oled.o(.constdata)
    asc2_1608                                0x080084ec   Data        1520  oled.o(.constdata)
    asc2_2412                                0x08008adc   Data        3420  oled.o(.constdata)
    Hzk1                                     0x08009838   Data         352  oled.o(.constdata)
    Hzk2                                     0x08009998   Data          72  oled.o(.constdata)
    Hzk3                                     0x080099e0   Data         128  oled.o(.constdata)
    Hzk4                                     0x08009a60   Data         512  oled.o(.constdata)
    reg                                      0x08009c60   Data          30  inv_mpu.o(.constdata)
    hw                                       0x08009c7e   Data          12  inv_mpu.o(.constdata)
    test                                     0x08009c8c   Data          40  inv_mpu.o(.constdata)
    AHBPrescTable                            0x0800a8bc   Data          16  system_stm32f1xx.o(.constdata)
    APBPrescTable                            0x0800a8cc   Data           8  system_stm32f1xx.o(.constdata)
    __mathlib_zero                           0x0800a9c0   Data           8  qnan.o(.constdata)
    Region$$Table$$Base                      0x0800a9c8   Number         0  anon$$obj.o(Region$$Table)
    Region$$Table$$Limit                     0x0800a9e8   Number         0  anon$$obj.o(Region$$Table)
    dr                                       0x20000001   Data           1  stm32f1xx_it.o(.data)
    sr_status                                0x20000002   Data           1  stm32f1xx_it.o(.data)
    KEY_Count                                0x20000008   Data           1  key.o(.data)
    KEY_Num                                  0x20000009   Data           1  key.o(.data)
    KEY_Flag                                 0x2000000a   Data           1  key.o(.data)
    ITEM_Num                                 0x2000000b   Data           1  menu.o(.data)
    Line_Data                                0x2000000c   Data           1  line.o(.data)
    Line_Num                                 0x20000010   Data           4  line.o(.data)
    Motor1_EN                                0x20000014   Data           1  motor.o(.data)
    Motor2_EN                                0x20000015   Data           1  motor.o(.data)
    Motor1_Pulse                             0x2000001c   Data           2  encoder.o(.data)
    Motor2_Pulse                             0x2000001e   Data           2  encoder.o(.data)
    Motor1_PulseSigma                        0x20000020   Data           4  encoder.o(.data)
    Motor2_PulseSigma                        0x20000024   Data           4  encoder.o(.data)
    Location_Control_Count                   0x20000028   Data           1  control.o(.data)
    Turn_Angle_Control_Count                 0x20000029   Data           1  control.o(.data)
    Line_Speed_Control_Count                 0x2000002a   Data           1  control.o(.data)
    Line_Flag                                0x2000002b   Data           1  control.o(.data)
    Stop_Flag                                0x2000002c   Data           1  control.o(.data)
    Spin_Start_Flag                          0x2000002d   Data           1  control.o(.data)
    Spin_Succeed_Flag                        0x2000002e   Data           1  control.o(.data)
    Motor1_Journey_cm                        0x20000030   Data           4  control.o(.data)
    Motor2_Journey_cm                        0x20000034   Data           4  control.o(.data)
    g_fTargetJourney                         0x20000038   Data           4  control.o(.data)
    Speed1_Outval                            0x2000003c   Data           4  control.o(.data)
    Location1_Outval                         0x20000040   Data           4  control.o(.data)
    Speed2_Outval                            0x20000044   Data           4  control.o(.data)
    Location2_Outval                         0x20000048   Data           4  control.o(.data)
    Turn_Outval                              0x2000004c   Data           4  control.o(.data)
    Speed3_Outval                            0x20000050   Data           4  control.o(.data)
    Speed4_Outval                            0x20000054   Data           4  control.o(.data)
    Line_Outval                              0x20000058   Data           4  control.o(.data)
    set_point                                0x2000005c   Data           4  protocol.o(.data)
    ax_cl                                    0x20000060   Data           2  mpu6050.o(.data)
    ay_cl                                    0x20000062   Data           2  mpu6050.o(.data)
    az_cl                                    0x20000064   Data           2  mpu6050.o(.data)
    gx_cl                                    0x20000066   Data           2  mpu6050.o(.data)
    gy_cl                                    0x20000068   Data           2  mpu6050.o(.data)
    gz_cl                                    0x2000006a   Data           2  mpu6050.o(.data)
    ax                                       0x2000006c   Data           2  mpu6050.o(.data)
    ax_speed                                 0x2000006e   Data           2  mpu6050.o(.data)
    ay                                       0x20000070   Data           2  mpu6050.o(.data)
    ay_speed                                 0x20000072   Data           2  mpu6050.o(.data)
    az                                       0x20000074   Data           2  mpu6050.o(.data)
    az_speed                                 0x20000076   Data           2  mpu6050.o(.data)
    gx                                       0x20000078   Data           2  mpu6050.o(.data)
    gy                                       0x2000007a   Data           2  mpu6050.o(.data)
    gz                                       0x2000007c   Data           2  mpu6050.o(.data)
    gx_speed                                 0x20000080   Data           4  mpu6050.o(.data)
    gy_speed                                 0x20000084   Data           4  mpu6050.o(.data)
    gz_speed                                 0x20000088   Data           4  mpu6050.o(.data)
    temperature_c                            0x2000008c   Data           4  mpu6050.o(.data)
    pitch                                    0x200000c8   Data           4  dmp.o(.data)
    roll                                     0x200000cc   Data           4  dmp.o(.data)
    yaw                                      0x200000d0   Data           4  dmp.o(.data)
    uwTickFreq                               0x200000d4   Data           1  stm32f1xx_hal.o(.data)
    uwTickPrio                               0x200000d8   Data           4  stm32f1xx_hal.o(.data)
    uwTick                                   0x200000dc   Data           4  stm32f1xx_hal.o(.data)
    SystemCoreClock                          0x200000e0   Data           4  system_stm32f1xx.o(.data)
    hi2c1                                    0x200000e8   Data          84  i2c.o(.bss)
    htim2                                    0x2000013c   Data          72  tim.o(.bss)
    htim3                                    0x20000184   Data          72  tim.o(.bss)
    htim4                                    0x200001cc   Data          72  tim.o(.bss)
    htim5                                    0x20000214   Data          72  tim.o(.bss)
    htim6                                    0x2000025c   Data          72  tim.o(.bss)
    huart1                                   0x200002a4   Data          72  usart.o(.bss)
    OLED_GRAM                                0x200002ec   Data        1152  oled.o(.bss)
    str_buff1                                0x2000076c   Data          64  menu.o(.bss)
    str_buff2                                0x200007ac   Data          64  menu.o(.bss)
    str_buff3                                0x200007ec   Data          64  menu.o(.bss)
    str_buff4                                0x2000082c   Data          64  menu.o(.bss)
    str_buff5                                0x2000086c   Data          64  menu.o(.bss)
    str_buff6                                0x200008ac   Data          64  menu.o(.bss)
    str_buff7                                0x200008ec   Data          64  menu.o(.bss)
    str_buff8                                0x2000092c   Data          64  menu.o(.bss)
    pid_speed1                               0x2000096c   Data          32  pid.o(.bss)
    pid_speed2                               0x2000098c   Data          32  pid.o(.bss)
    pid_location1                            0x200009ac   Data          32  pid.o(.bss)
    pid_location2                            0x200009cc   Data          32  pid.o(.bss)
    pid_turn_angle                           0x200009ec   Data          32  pid.o(.bss)
    pid_line                                 0x20000a0c   Data          32  pid.o(.bss)
    pid_angle                                0x20000a2c   Data          32  pid.o(.bss)
    IIC_buf                                  0x20000ae4   Data          14  mpu6050.o(.bss)
    __initial_sp                             0x20000f08   Data           0  startup_stm32f103xe.o(STACK)



==============================================================================

Memory Map of the image

  Image Entry point : 0x08000131

  Load Region LR_IROM1 (Base: 0x08000000, Size: 0x0000aad0, Max: 0x00040000, ABSOLUTE)

    Execution Region ER_IROM1 (Exec base: 0x08000000, Load base: 0x08000000, Size: 0x0000a9e8, Max: 0x00040000, ABSOLUTE)

    Exec Addr    Load Addr    Size         Type   Attr      Idx    E Section Name        Object

    0x08000000   0x08000000   0x00000130   Data   RO            3    RESET               startup_stm32f103xe.o
    0x08000130   0x08000130   0x00000000   Code   RO         4963  * .ARM.Collect$$$$00000000  mc_w.l(entry.o)
    0x08000130   0x08000130   0x00000004   Code   RO         5304    .ARM.Collect$$$$00000001  mc_w.l(entry2.o)
    0x08000134   0x08000134   0x00000004   Code   RO         5307    .ARM.Collect$$$$00000004  mc_w.l(entry5.o)
    0x08000138   0x08000138   0x00000000   Code   RO         5309    .ARM.Collect$$$$00000008  mc_w.l(entry7b.o)
    0x08000138   0x08000138   0x00000000   Code   RO         5311    .ARM.Collect$$$$0000000A  mc_w.l(entry8b.o)
    0x08000138   0x08000138   0x00000008   Code   RO         5312    .ARM.Collect$$$$0000000B  mc_w.l(entry9a.o)
    0x08000140   0x08000140   0x00000000   Code   RO         5314    .ARM.Collect$$$$0000000D  mc_w.l(entry10a.o)
    0x08000140   0x08000140   0x00000000   Code   RO         5316    .ARM.Collect$$$$0000000F  mc_w.l(entry11a.o)
    0x08000140   0x08000140   0x00000004   Code   RO         5305    .ARM.Collect$$$$00002712  mc_w.l(entry2.o)
    0x08000144   0x08000144   0x00000024   Code   RO            4    .text               startup_stm32f103xe.o
    0x08000168   0x08000168   0x00000062   Code   RO         4966    .text               mc_w.l(ldiv.o)
    0x080001ca   0x080001ca   0x00000020   Code   RO         4968    .text               mc_w.l(llushr.o)
    0x080001ea   0x080001ea   0x00000024   Code   RO         4970    .text               mc_w.l(memcpya.o)
    0x0800020e   0x0800020e   0x00000024   Code   RO         4972    .text               mc_w.l(memseta.o)
    0x08000232   0x08000232   0x0000001a   Code   RO         4974    .text               mc_w.l(memcmp.o)
    0x0800024c   0x0800024c   0x000000b0   Code   RO         5239    .text               mf_w.l(fadd.o)
    0x080002fc   0x080002fc   0x00000064   Code   RO         5241    .text               mf_w.l(fmul.o)
    0x08000360   0x08000360   0x0000007c   Code   RO         5243    .text               mf_w.l(fdiv.o)
    0x080003dc   0x080003dc   0x00000018   Code   RO         5245    .text               mf_w.l(fscalb.o)
    0x080003f4   0x080003f4   0x000000e4   Code   RO         5247    .text               mf_w.l(dmul.o)
    0x080004d8   0x080004d8   0x000000de   Code   RO         5249    .text               mf_w.l(ddiv.o)
    0x080005b6   0x080005b6   0x00000012   Code   RO         5251    .text               mf_w.l(fflti.o)
    0x080005c8   0x080005c8   0x0000000a   Code   RO         5253    .text               mf_w.l(ffltui.o)
    0x080005d2   0x080005d2   0x00000022   Code   RO         5255    .text               mf_w.l(dflti.o)
    0x080005f4   0x080005f4   0x00000032   Code   RO         5257    .text               mf_w.l(ffixi.o)
    0x08000626   0x08000626   0x00000028   Code   RO         5259    .text               mf_w.l(ffixui.o)
    0x0800064e   0x0800064e   0x00000026   Code   RO         5263    .text               mf_w.l(f2d.o)
    0x08000674   0x08000674   0x00000038   Code   RO         5265    .text               mf_w.l(d2f.o)
    0x080006ac   0x080006ac   0x0000002c   Code   RO         5321    .text               mc_w.l(uidiv.o)
    0x080006d8   0x080006d8   0x00000062   Code   RO         5323    .text               mc_w.l(uldiv.o)
    0x0800073a   0x0800073a   0x00000000   Code   RO         5332    .text               mc_w.l(iusefp.o)
    0x0800073a   0x0800073a   0x0000006e   Code   RO         5333    .text               mf_w.l(fepilogue.o)
    0x080007a8   0x080007a8   0x000000ba   Code   RO         5335    .text               mf_w.l(depilogue.o)
    0x08000862   0x08000862   0x0000014e   Code   RO         5337    .text               mf_w.l(dadd.o)
    0x080009b0   0x080009b0   0x0000002e   Code   RO         5339    .text               mf_w.l(dscalb.o)
    0x080009de   0x080009de   0x00000030   Code   RO         5341    .text               mf_w.l(dfixul.o)
    0x08000a0e   0x08000a0e   0x00000002   PAD
    0x08000a10   0x08000a10   0x00000030   Code   RO         5343    .text               mf_w.l(cdrcmple.o)
    0x08000a40   0x08000a40   0x00000024   Code   RO         5345    .text               mc_w.l(init.o)
    0x08000a64   0x08000a64   0x0000001e   Code   RO         5348    .text               mc_w.l(llshl.o)
    0x08000a82   0x08000a82   0x00000024   Code   RO         5350    .text               mc_w.l(llsshr.o)
    0x08000aa6   0x08000aa6   0x000000a2   Code   RO         5353    .text               mf_w.l(dsqrt.o)
    0x08000b48   0x08000b48   0x00000002   Code   RO          528    i.BusFault_Handler  stm32f1xx_it.o
    0x08000b4a   0x08000b4a   0x00000002   Code   RO          529    i.DebugMon_Handler  stm32f1xx_it.o
    0x08000b4c   0x08000b4c   0x00000004   Code   RO           13    i.Error_Handler     main.o
    0x08000b50   0x08000b50   0x0000003c   Code   RO         1181    i.Get_Motor_Pulse   encoder.o
    0x08000b8c   0x08000b8c   0x00000046   Code   RO         2978    i.HAL_DMA_Abort     stm32f1xx_hal_dma.o
    0x08000bd2   0x08000bd2   0x00000002   PAD
    0x08000bd4   0x08000bd4   0x00000130   Code   RO         2979    i.HAL_DMA_Abort_IT  stm32f1xx_hal_dma.o
    0x08000d04   0x08000d04   0x00000024   Code   RO         2604    i.HAL_Delay         stm32f1xx_hal.o
    0x08000d28   0x08000d28   0x000001f8   Code   RO         2914    i.HAL_GPIO_Init     stm32f1xx_hal_gpio.o
    0x08000f20   0x08000f20   0x0000000a   Code   RO         2916    i.HAL_GPIO_ReadPin  stm32f1xx_hal_gpio.o
    0x08000f2a   0x08000f2a   0x00000010   Code   RO         2917    i.HAL_GPIO_TogglePin  stm32f1xx_hal_gpio.o
    0x08000f3a   0x08000f3a   0x0000000a   Code   RO         2918    i.HAL_GPIO_WritePin  stm32f1xx_hal_gpio.o
    0x08000f44   0x08000f44   0x0000000c   Code   RO         2608    i.HAL_GetTick       stm32f1xx_hal.o
    0x08000f50   0x08000f50   0x00000188   Code   RO         2171    i.HAL_I2C_Init      stm32f1xx_hal_i2c.o
    0x080010d8   0x080010d8   0x0000025c   Code   RO         2189    i.HAL_I2C_Mem_Read  stm32f1xx_hal_i2c.o
    0x08001334   0x08001334   0x00000130   Code   RO         2192    i.HAL_I2C_Mem_Write  stm32f1xx_hal_i2c.o
    0x08001464   0x08001464   0x00000070   Code   RO          336    i.HAL_I2C_MspInit   i2c.o
    0x080014d4   0x080014d4   0x00000010   Code   RO         2614    i.HAL_IncTick       stm32f1xx_hal.o
    0x080014e4   0x080014e4   0x00000024   Code   RO         2615    i.HAL_Init          stm32f1xx_hal.o
    0x08001508   0x08001508   0x00000040   Code   RO         2616    i.HAL_InitTick      stm32f1xx_hal.o
    0x08001548   0x08001548   0x0000003c   Code   RO          685    i.HAL_MspInit       stm32f1xx_hal_msp.o
    0x08001584   0x08001584   0x0000001a   Code   RO         3074    i.HAL_NVIC_EnableIRQ  stm32f1xx_hal_cortex.o
    0x0800159e   0x0800159e   0x00000002   PAD
    0x080015a0   0x080015a0   0x00000040   Code   RO         3080    i.HAL_NVIC_SetPriority  stm32f1xx_hal_cortex.o
    0x080015e0   0x080015e0   0x00000024   Code   RO         3081    i.HAL_NVIC_SetPriorityGrouping  stm32f1xx_hal_cortex.o
    0x08001604   0x08001604   0x00000024   Code   RO         3082    i.HAL_NVIC_SystemReset  stm32f1xx_hal_cortex.o
    0x08001628   0x08001628   0x0000012c   Code   RO         2772    i.HAL_RCC_ClockConfig  stm32f1xx_hal_rcc.o
    0x08001754   0x08001754   0x00000020   Code   RO         2779    i.HAL_RCC_GetPCLK1Freq  stm32f1xx_hal_rcc.o
    0x08001774   0x08001774   0x00000020   Code   RO         2780    i.HAL_RCC_GetPCLK2Freq  stm32f1xx_hal_rcc.o
    0x08001794   0x08001794   0x0000004c   Code   RO         2781    i.HAL_RCC_GetSysClockFreq  stm32f1xx_hal_rcc.o
    0x080017e0   0x080017e0   0x00000320   Code   RO         2784    i.HAL_RCC_OscConfig  stm32f1xx_hal_rcc.o
    0x08001b00   0x08001b00   0x00000018   Code   RO         3083    i.HAL_SYSTICK_CLKSourceConfig  stm32f1xx_hal_cortex.o
    0x08001b18   0x08001b18   0x00000028   Code   RO         3085    i.HAL_SYSTICK_Config  stm32f1xx_hal_cortex.o
    0x08001b40   0x08001b40   0x00000002   Code   RO         4280    i.HAL_TIMEx_BreakCallback  stm32f1xx_hal_tim_ex.o
    0x08001b42   0x08001b42   0x00000002   Code   RO         4281    i.HAL_TIMEx_CommutCallback  stm32f1xx_hal_tim_ex.o
    0x08001b44   0x08001b44   0x0000007c   Code   RO         4299    i.HAL_TIMEx_MasterConfigSynchronization  stm32f1xx_hal_tim_ex.o
    0x08001bc0   0x08001bc0   0x0000005a   Code   RO         3576    i.HAL_TIM_Base_Init  stm32f1xx_hal_tim.o
    0x08001c1a   0x08001c1a   0x00000002   PAD
    0x08001c1c   0x08001c1c   0x0000003c   Code   RO          378    i.HAL_TIM_Base_MspInit  tim.o
    0x08001c58   0x08001c58   0x0000006c   Code   RO         3581    i.HAL_TIM_Base_Start_IT  stm32f1xx_hal_tim.o
    0x08001cc4   0x08001cc4   0x000000a4   Code   RO         3597    i.HAL_TIM_Encoder_Init  stm32f1xx_hal_tim.o
    0x08001d68   0x08001d68   0x0000008c   Code   RO          380    i.HAL_TIM_Encoder_MspInit  tim.o
    0x08001df4   0x08001df4   0x0000008e   Code   RO         3600    i.HAL_TIM_Encoder_Start  stm32f1xx_hal_tim.o
    0x08001e82   0x08001e82   0x00000002   Code   RO         3610    i.HAL_TIM_IC_CaptureCallback  stm32f1xx_hal_tim.o
    0x08001e84   0x08001e84   0x00000130   Code   RO         3624    i.HAL_TIM_IRQHandler  stm32f1xx_hal_tim.o
    0x08001fb4   0x08001fb4   0x000000ac   Code   RO          381    i.HAL_TIM_MspPostInit  tim.o
    0x08002060   0x08002060   0x00000002   Code   RO         3627    i.HAL_TIM_OC_DelayElapsedCallback  stm32f1xx_hal_tim.o
    0x08002062   0x08002062   0x000000cc   Code   RO         3648    i.HAL_TIM_PWM_ConfigChannel  stm32f1xx_hal_tim.o
    0x0800212e   0x0800212e   0x0000005a   Code   RO         3651    i.HAL_TIM_PWM_Init  stm32f1xx_hal_tim.o
    0x08002188   0x08002188   0x0000003c   Code   RO          383    i.HAL_TIM_PWM_MspInit  tim.o
    0x080021c4   0x080021c4   0x00000002   Code   RO         3654    i.HAL_TIM_PWM_PulseFinishedCallback  stm32f1xx_hal_tim.o
    0x080021c6   0x080021c6   0x00000002   PAD
    0x080021c8   0x080021c8   0x000000b4   Code   RO         3656    i.HAL_TIM_PWM_Start  stm32f1xx_hal_tim.o
    0x0800227c   0x0800227c   0x0000007c   Code   RO         3659    i.HAL_TIM_PWM_Stop  stm32f1xx_hal_tim.o
    0x080022f8   0x080022f8   0x00000068   Code   RO         1287    i.HAL_TIM_PeriodElapsedCallback  control.o
    0x08002360   0x08002360   0x00000002   Code   RO         3667    i.HAL_TIM_TriggerCallback  stm32f1xx_hal_tim.o
    0x08002362   0x08002362   0x00000002   Code   RO         4559    i.HAL_UARTEx_RxEventCallback  stm32f1xx_hal_uart.o
    0x08002364   0x08002364   0x00000002   Code   RO         4573    i.HAL_UART_ErrorCallback  stm32f1xx_hal_uart.o
    0x08002366   0x08002366   0x00000002   PAD
    0x08002368   0x08002368   0x0000026c   Code   RO         4576    i.HAL_UART_IRQHandler  stm32f1xx_hal_uart.o
    0x080025d4   0x080025d4   0x00000064   Code   RO         4577    i.HAL_UART_Init     stm32f1xx_hal_uart.o
    0x08002638   0x08002638   0x00000080   Code   RO          474    i.HAL_UART_MspInit  usart.o
    0x080026b8   0x080026b8   0x00000002   Code   RO         4583    i.HAL_UART_RxCpltCallback  stm32f1xx_hal_uart.o
    0x080026ba   0x080026ba   0x00000002   Code   RO         4588    i.HAL_UART_TxCpltCallback  stm32f1xx_hal_uart.o
    0x080026bc   0x080026bc   0x00000002   Code   RO          530    i.HardFault_Handler  stm32f1xx_it.o
    0x080026be   0x080026be   0x0000002e   Code   RO         2214    i.I2C_IsAcknowledgeFailed  stm32f1xx_hal_i2c.o
    0x080026ec   0x080026ec   0x000000fc   Code   RO         2224    i.I2C_RequestMemoryRead  stm32f1xx_hal_i2c.o
    0x080027e8   0x080027e8   0x000000a8   Code   RO         2225    i.I2C_RequestMemoryWrite  stm32f1xx_hal_i2c.o
    0x08002890   0x08002890   0x00000040   Code   RO          835    i.I2C_Start         oled.o
    0x080028d0   0x080028d0   0x00000030   Code   RO          836    i.I2C_Stop          oled.o
    0x08002900   0x08002900   0x00000038   Code   RO          837    i.I2C_WaitAck       oled.o
    0x08002938   0x08002938   0x00000056   Code   RO         2229    i.I2C_WaitOnBTFFlagUntilTimeout  stm32f1xx_hal_i2c.o
    0x0800298e   0x0800298e   0x00000002   PAD
    0x08002990   0x08002990   0x00000090   Code   RO         2230    i.I2C_WaitOnFlagUntilTimeout  stm32f1xx_hal_i2c.o
    0x08002a20   0x08002a20   0x000000bc   Code   RO         2231    i.I2C_WaitOnMasterAddressFlagUntilTimeout  stm32f1xx_hal_i2c.o
    0x08002adc   0x08002adc   0x00000070   Code   RO         2232    i.I2C_WaitOnRXNEFlagUntilTimeout  stm32f1xx_hal_i2c.o
    0x08002b4c   0x08002b4c   0x00000056   Code   RO         2233    i.I2C_WaitOnTXEFlagUntilTimeout  stm32f1xx_hal_i2c.o
    0x08002ba2   0x08002ba2   0x00000002   PAD
    0x08002ba4   0x08002ba4   0x0000001c   Code   RO         1504    i.IIC_Read          mpu6050.o
    0x08002bc0   0x08002bc0   0x0000000a   Code   RO          838    i.IIC_delay         oled.o
    0x08002bca   0x08002bca   0x00000002   PAD
    0x08002bcc   0x08002bcc   0x0000003c   Code   RO          799    i.KEY_Read          key.o
    0x08002c08   0x08002c08   0x00000038   Code   RO          800    i.KEY_Scan          key.o
    0x08002c40   0x08002c40   0x00000100   Code   RO         1085    i.LINE_Scan         line.o
    0x08002d40   0x08002d40   0x00000a20   Code   RO         1005    i.MENU_Display      menu.o
    0x08003760   0x08003760   0x0000015c   Code   RO         1006    i.MENU_Item         menu.o
    0x080038bc   0x080038bc   0x00000124   Code   RO         1506    i.MPU6050_Get       mpu6050.o
    0x080039e0   0x080039e0   0x000000b4   Code   RO         1508    i.MPU6050_calibrate  mpu6050.o
    0x08003a94   0x08003a94   0x000000f0   Code   RO          224    i.MX_GPIO_Init      gpio.o
    0x08003b84   0x08003b84   0x00000040   Code   RO          337    i.MX_I2C1_Init      i2c.o
    0x08003bc4   0x08003bc4   0x00000080   Code   RO          384    i.MX_TIM2_Init      tim.o
    0x08003c44   0x08003c44   0x00000080   Code   RO          385    i.MX_TIM3_Init      tim.o
    0x08003cc4   0x08003cc4   0x0000006c   Code   RO          386    i.MX_TIM4_Init      tim.o
    0x08003d30   0x08003d30   0x0000006c   Code   RO          387    i.MX_TIM5_Init      tim.o
    0x08003d9c   0x08003d9c   0x00000048   Code   RO          388    i.MX_TIM6_Init      tim.o
    0x08003de4   0x08003de4   0x00000038   Code   RO          475    i.MX_USART1_UART_Init  usart.o
    0x08003e1c   0x08003e1c   0x00000002   Code   RO          531    i.MemManage_Handler  stm32f1xx_it.o
    0x08003e1e   0x08003e1e   0x00000002   Code   RO          532    i.NMI_Handler       stm32f1xx_it.o
    0x08003e20   0x08003e20   0x0000002c   Code   RO          839    i.OLED_Clear        oled.o
    0x08003e4c   0x08003e4c   0x00000018   Code   RO          840    i.OLED_ColorTurn    oled.o
    0x08003e64   0x08003e64   0x0000002c   Code   RO          843    i.OLED_DisplayTurn  oled.o
    0x08003e90   0x08003e90   0x0000009c   Code   RO          845    i.OLED_DrawLine     oled.o
    0x08003f2c   0x08003f2c   0x0000002c   Code   RO          846    i.OLED_DrawPoint    oled.o
    0x08003f58   0x08003f58   0x000000f4   Code   RO          847    i.OLED_Init         oled.o
    0x0800404c   0x0800404c   0x00000068   Code   RO          849    i.OLED_Refresh      oled.o
    0x080040b4   0x080040b4   0x000000e4   Code   RO          851    i.OLED_ShowChar     oled.o
    0x08004198   0x08004198   0x0000003c   Code   RO          855    i.OLED_ShowString   oled.o
    0x080041d4   0x080041d4   0x00000036   Code   RO          856    i.OLED_WR_Byte      oled.o
    0x0800420a   0x0800420a   0x00000002   Code   RO          533    i.PendSV_Handler    stm32f1xx_it.o
    0x0800420c   0x0800420c   0x00000002   Code   RO          534    i.SVC_Handler       stm32f1xx_it.o
    0x0800420e   0x0800420e   0x00000002   PAD
    0x08004210   0x08004210   0x00000048   Code   RO          857    i.Send_Byte         oled.o
    0x08004258   0x08004258   0x00000024   Code   RO         1117    i.Set_Motor1_Disable  motor.o
    0x0800427c   0x0800427c   0x00000024   Code   RO         1118    i.Set_Motor1_Enable  motor.o
    0x080042a0   0x080042a0   0x00000024   Code   RO         1120    i.Set_Motor2_Disable  motor.o
    0x080042c4   0x080042c4   0x00000024   Code   RO         1121    i.Set_Motor2_Enable  motor.o
    0x080042e8   0x080042e8   0x00000048   Code   RO          535    i.SysTick_Handler   stm32f1xx_it.o
    0x08004330   0x08004330   0x0000005e   Code   RO           14    i.SystemClock_Config  main.o
    0x0800438e   0x0800438e   0x00000002   Code   RO         4911    i.SystemInit        system_stm32f1xx.o
    0x08004390   0x08004390   0x0000000c   Code   RO          536    i.TIM6_IRQHandler   stm32f1xx_it.o
    0x0800439c   0x0800439c   0x0000009c   Code   RO         3669    i.TIM_Base_SetConfig  stm32f1xx_hal_tim.o
    0x08004438   0x08004438   0x0000001a   Code   RO         3670    i.TIM_CCxChannelCmd  stm32f1xx_hal_tim.o
    0x08004452   0x08004452   0x00000002   PAD
    0x08004454   0x08004454   0x00000060   Code   RO         3682    i.TIM_OC1_SetConfig  stm32f1xx_hal_tim.o
    0x080044b4   0x080044b4   0x0000006c   Code   RO         3683    i.TIM_OC2_SetConfig  stm32f1xx_hal_tim.o
    0x08004520   0x08004520   0x00000068   Code   RO         3684    i.TIM_OC3_SetConfig  stm32f1xx_hal_tim.o
    0x08004588   0x08004588   0x00000050   Code   RO         3685    i.TIM_OC4_SetConfig  stm32f1xx_hal_tim.o
    0x080045d8   0x080045d8   0x00000010   Code   RO         4590    i.UART_DMAAbortOnError  stm32f1xx_hal_uart.o
    0x080045e8   0x080045e8   0x0000004e   Code   RO         4600    i.UART_EndRxTransfer  stm32f1xx_hal_uart.o
    0x08004636   0x08004636   0x000000c2   Code   RO         4602    i.UART_Receive_IT   stm32f1xx_hal_uart.o
    0x080046f8   0x080046f8   0x000000b8   Code   RO         4603    i.UART_SetConfig    stm32f1xx_hal_uart.o
    0x080047b0   0x080047b0   0x0000003c   Code   RO          537    i.USART1_IRQHandler  stm32f1xx_it.o
    0x080047ec   0x080047ec   0x00000002   Code   RO          538    i.UsageFault_Handler  stm32f1xx_it.o
    0x080047ee   0x080047ee   0x00000002   PAD
    0x080047f0   0x080047f0   0x00000028   Code   RO         5213    i.__0sprintf        mc_w.l(printfa.o)
    0x08004818   0x08004818   0x00000028   Code   RO         5291    i.__ARM_fpclassify  m_ws.l(fpclassify.o)
    0x08004840   0x08004840   0x00000020   Code   RO         3087    i.__NVIC_SetPriority  stm32f1xx_hal_cortex.o
    0x08004860   0x08004860   0x000000aa   Code   RO         5293    i.__kernel_poly     m_ws.l(poly.o)
    0x0800490a   0x0800490a   0x00000006   Code   RO         5278    i.__mathlib_dbl_infnan  m_ws.l(dunder.o)
    0x08004910   0x08004910   0x00000004   Code   RO         5279    i.__mathlib_dbl_infnan2  m_ws.l(dunder.o)
    0x08004914   0x08004914   0x0000000c   Code   RO         5280    i.__mathlib_dbl_invalid  m_ws.l(dunder.o)
    0x08004920   0x08004920   0x00000010   Code   RO         5283    i.__mathlib_dbl_underflow  m_ws.l(dunder.o)
    0x08004930   0x08004930   0x0000000e   Code   RO         5359    i.__scatterload_copy  mc_w.l(handlers.o)
    0x0800493e   0x0800493e   0x00000002   Code   RO         5360    i.__scatterload_null  mc_w.l(handlers.o)
    0x08004940   0x08004940   0x0000000e   Code   RO         5361    i.__scatterload_zeroinit  mc_w.l(handlers.o)
    0x0800494e   0x0800494e   0x00000002   PAD
    0x08004950   0x08004950   0x0000000c   Code   RO         5327    i.__set_errno       mc_w.l(errno.o)
    0x0800495c   0x0800495c   0x00000184   Code   RO         5218    i._fp_digits        mc_w.l(printfa.o)
    0x08004ae0   0x08004ae0   0x000006dc   Code   RO         5219    i._printf_core      mc_w.l(printfa.o)
    0x080051bc   0x080051bc   0x00000024   Code   RO         5220    i._printf_post_padding  mc_w.l(printfa.o)
    0x080051e0   0x080051e0   0x0000002e   Code   RO         5221    i._printf_pre_padding  mc_w.l(printfa.o)
    0x0800520e   0x0800520e   0x0000000a   Code   RO         5223    i._sputc            mc_w.l(printfa.o)
    0x08005218   0x08005218   0x00000084   Code   RO         1558    i.accel_self_test   inv_mpu.o
    0x0800529c   0x0800529c   0x00000270   Code   RO         4946    i.asin              m_ws.l(asin.o)
    0x0800550c   0x0800550c   0x00000220   Code   RO         5268    i.atan              m_ws.l(atan.o)
    0x0800572c   0x0800572c   0x00000180   Code   RO         4956    i.atan2             m_ws.l(atan2.o)
    0x080058ac   0x080058ac   0x00000014   Code   RO         1436    i.check_sum         protocol.o
    0x080058c0   0x080058c0   0x00000014   Code   RO          758    i.delay_init        delay.o
    0x080058d4   0x080058d4   0x0000001a   Code   RO          759    i.delay_ms          delay.o
    0x080058ee   0x080058ee   0x00000002   PAD
    0x080058f0   0x080058f0   0x00000034   Code   RO          760    i.delay_us          delay.o
    0x08005924   0x08005924   0x0000003a   Code   RO         1863    i.dmp_enable_6x_lp_quat  inv_mpu_dmp_motion_driver.o
    0x0800595e   0x0800595e   0x00000002   PAD
    0x08005960   0x08005960   0x000001d8   Code   RO         1864    i.dmp_enable_feature  inv_mpu_dmp_motion_driver.o
    0x08005b38   0x08005b38   0x0000003c   Code   RO         1865    i.dmp_enable_gyro_cal  inv_mpu_dmp_motion_driver.o
    0x08005b74   0x08005b74   0x0000003a   Code   RO         1866    i.dmp_enable_lp_quat  inv_mpu_dmp_motion_driver.o
    0x08005bae   0x08005bae   0x00000002   PAD
    0x08005bb0   0x08005bb0   0x00000014   Code   RO         1871    i.dmp_load_motion_driver_firmware  inv_mpu_dmp_motion_driver.o
    0x08005bc4   0x08005bc4   0x00000148   Code   RO         1872    i.dmp_read_fifo     inv_mpu_dmp_motion_driver.o
    0x08005d0c   0x08005d0c   0x000000d8   Code   RO         1875    i.dmp_set_accel_bias  inv_mpu_dmp_motion_driver.o
    0x08005de4   0x08005de4   0x00000064   Code   RO         1876    i.dmp_set_fifo_rate  inv_mpu_dmp_motion_driver.o
    0x08005e48   0x08005e48   0x000000cc   Code   RO         1877    i.dmp_set_gyro_bias  inv_mpu_dmp_motion_driver.o
    0x08005f14   0x08005f14   0x0000010c   Code   RO         1879    i.dmp_set_orientation  inv_mpu_dmp_motion_driver.o
    0x08006020   0x08006020   0x00000030   Code   RO         1882    i.dmp_set_shake_reject_thresh  inv_mpu_dmp_motion_driver.o
    0x08006050   0x08006050   0x00000020   Code   RO         1883    i.dmp_set_shake_reject_time  inv_mpu_dmp_motion_driver.o
    0x08006070   0x08006070   0x00000020   Code   RO         1884    i.dmp_set_shake_reject_timeout  inv_mpu_dmp_motion_driver.o
    0x08006090   0x08006090   0x00000040   Code   RO         1885    i.dmp_set_tap_axes  inv_mpu_dmp_motion_driver.o
    0x080060d0   0x080060d0   0x00000022   Code   RO         1886    i.dmp_set_tap_count  inv_mpu_dmp_motion_driver.o
    0x080060f2   0x080060f2   0x00000002   PAD
    0x080060f4   0x080060f4   0x00000128   Code   RO         1887    i.dmp_set_tap_thresh  inv_mpu_dmp_motion_driver.o
    0x0800621c   0x0800621c   0x00000020   Code   RO         1888    i.dmp_set_tap_time  inv_mpu_dmp_motion_driver.o
    0x0800623c   0x0800623c   0x00000020   Code   RO         1889    i.dmp_set_tap_time_multi  inv_mpu_dmp_motion_driver.o
    0x0800625c   0x0800625c   0x000000bc   Code   RO         1559    i.get_accel_prod_shift  inv_mpu.o
    0x08006318   0x08006318   0x00000400   Code   RO         1560    i.get_st_biases     inv_mpu.o
    0x08006718   0x08006718   0x000000e8   Code   RO         1561    i.gyro_self_test    inv_mpu.o
    0x08006800   0x08006800   0x00000022   Code   RO         2051    i.inv_orientation_matrix_to_scalar  dmp.o
    0x08006822   0x08006822   0x00000048   Code   RO         2052    i.inv_row_2_scale   dmp.o
    0x0800686a   0x0800686a   0x00000002   PAD
    0x0800686c   0x0800686c   0x000000c8   Code   RO           15    i.main              main.o
    0x08006934   0x08006934   0x00000054   Code   RO         1562    i.mpu_configure_fifo  inv_mpu.o
    0x08006988   0x08006988   0x0000018c   Code   RO         2054    i.mpu_dmp_get_data  dmp.o
    0x08006b14   0x08006b14   0x000000a8   Code   RO         2055    i.mpu_dmp_init      dmp.o
    0x08006bbc   0x08006bbc   0x0000003c   Code   RO         1563    i.mpu_get_accel_fsr  inv_mpu.o
    0x08006bf8   0x08006bf8   0x00000044   Code   RO         1565    i.mpu_get_accel_sens  inv_mpu.o
    0x08006c3c   0x08006c3c   0x00000034   Code   RO         1571    i.mpu_get_gyro_fsr  inv_mpu.o
    0x08006c70   0x08006c70   0x00000040   Code   RO         1573    i.mpu_get_gyro_sens  inv_mpu.o
    0x08006cb0   0x08006cb0   0x00000038   Code   RO         1575    i.mpu_get_lpf       inv_mpu.o
    0x08006ce8   0x08006ce8   0x0000001c   Code   RO         1577    i.mpu_get_sample_rate  inv_mpu.o
    0x08006d04   0x08006d04   0x00000090   Code   RO         1578    i.mpu_get_temperature  inv_mpu.o
    0x08006d94   0x08006d94   0x00000154   Code   RO         1579    i.mpu_init          inv_mpu.o
    0x08006ee8   0x08006ee8   0x000000ac   Code   RO         1580    i.mpu_load_firmware  inv_mpu.o
    0x08006f94   0x08006f94   0x000000d0   Code   RO         1581    i.mpu_lp_accel_mode  inv_mpu.o
    0x08007064   0x08007064   0x000000bc   Code   RO         1584    i.mpu_read_fifo_stream  inv_mpu.o
    0x08007120   0x08007120   0x00000070   Code   RO         1585    i.mpu_read_mem      inv_mpu.o
    0x08007190   0x08007190   0x000001a8   Code   RO         1588    i.mpu_reset_fifo    inv_mpu.o
    0x08007338   0x08007338   0x000000f0   Code   RO         1589    i.mpu_run_self_test  inv_mpu.o
    0x08007428   0x08007428   0x00000078   Code   RO         1591    i.mpu_set_accel_fsr  inv_mpu.o
    0x080074a0   0x080074a0   0x0000012c   Code   RO         1592    i.mpu_set_bypass    inv_mpu.o
    0x080075cc   0x080075cc   0x00000090   Code   RO         1594    i.mpu_set_dmp_state  inv_mpu.o
    0x0800765c   0x0800765c   0x0000007c   Code   RO         1595    i.mpu_set_gyro_fsr  inv_mpu.o
    0x080076d8   0x080076d8   0x00000074   Code   RO         1596    i.mpu_set_int_latched  inv_mpu.o
    0x0800774c   0x0800774c   0x00000080   Code   RO         1598    i.mpu_set_lpf       inv_mpu.o
    0x080077cc   0x080077cc   0x00000094   Code   RO         1599    i.mpu_set_sample_rate  inv_mpu.o
    0x08007860   0x08007860   0x000000dc   Code   RO         1600    i.mpu_set_sensors   inv_mpu.o
    0x0800793c   0x0800793c   0x00000070   Code   RO         1601    i.mpu_write_mem     inv_mpu.o
    0x080079ac   0x080079ac   0x000000b0   Code   RO         1214    i.pid_param_init    pid.o
    0x08007a5c   0x08007a5c   0x00000058   Code   RO         1437    i.protocol_data_recv  protocol.o
    0x08007ab4   0x08007ab4   0x000001b8   Code   RO         1438    i.protocol_frame_parse  protocol.o
    0x08007c6c   0x08007c6c   0x00000018   Code   RO         1439    i.protocol_init     protocol.o
    0x08007c84   0x08007c84   0x0000006c   Code   RO         1440    i.receiving_process  protocol.o
    0x08007cf0   0x08007cf0   0x0000001a   Code   RO         1441    i.recvbuf_get_len_to_parse  protocol.o
    0x08007d0a   0x08007d0a   0x00000080   Code   RO         2056    i.run_self_test     dmp.o
    0x08007d8a   0x08007d8a   0x00000002   PAD
    0x08007d8c   0x08007d8c   0x00000078   Code   RO         1602    i.set_int_enable    inv_mpu.o
    0x08007e04   0x08007e04   0x0000004c   Code   RO         5297    i.sqrt              m_ws.l(sqrt.o)
    0x08007e50   0x08007e50   0x00001e10   Data   RO          859    .constdata          oled.o
    0x08009c60   0x08009c60   0x0000001e   Data   RO         1603    .constdata          inv_mpu.o
    0x08009c7e   0x08009c7e   0x0000000c   Data   RO         1604    .constdata          inv_mpu.o
    0x08009c8a   0x08009c8a   0x00000002   PAD
    0x08009c8c   0x08009c8c   0x00000028   Data   RO         1605    .constdata          inv_mpu.o
    0x08009cb4   0x08009cb4   0x00000bf6   Data   RO         1891    .constdata          inv_mpu_dmp_motion_driver.o
    0x0800a8aa   0x0800a8aa   0x00000012   Data   RO         2785    .constdata          stm32f1xx_hal_rcc.o
    0x0800a8bc   0x0800a8bc   0x00000010   Data   RO         4912    .constdata          system_stm32f1xx.o
    0x0800a8cc   0x0800a8cc   0x00000008   Data   RO         4913    .constdata          system_stm32f1xx.o
    0x0800a8d4   0x0800a8d4   0x00000004   PAD
    0x0800a8d8   0x0800a8d8   0x00000050   Data   RO         4947    .constdata          m_ws.l(asin.o)
    0x0800a928   0x0800a928   0x00000098   Data   RO         5269    .constdata          m_ws.l(atan.o)
    0x0800a9c0   0x0800a9c0   0x00000008   Data   RO         5295    .constdata          m_ws.l(qnan.o)
    0x0800a9c8   0x0800a9c8   0x00000020   Data   RO         5357    Region$$Table       anon$$obj.o


    Execution Region RW_IRAM1 (Exec base: 0x20000000, Load base: 0x0800a9e8, Size: 0x00000f08, Max: 0x0000c000, ABSOLUTE)

    Exec Addr    Load Addr    Size         Type   Attr      Idx    E Section Name        Object

    0x20000000   0x0800a9e8   0x00000003   Data   RW          539    .data               stm32f1xx_it.o
    0x20000003   0x0800a9eb   0x00000001   PAD
    0x20000004   0x0800a9ec   0x00000004   Data   RW          761    .data               delay.o
    0x20000008   0x0800a9f0   0x00000003   Data   RW          801    .data               key.o
    0x2000000b   0x0800a9f3   0x00000001   Data   RW         1008    .data               menu.o
    0x2000000c   0x0800a9f4   0x00000008   Data   RW         1086    .data               line.o
    0x20000014   0x0800a9fc   0x00000008   Data   RW         1122    .data               motor.o
    0x2000001c   0x0800aa04   0x0000000c   Data   RW         1182    .data               encoder.o
    0x20000028   0x0800aa10   0x00000034   Data   RW         1297    .data               control.o
    0x2000005c   0x0800aa44   0x00000004   Data   RW         1444    .data               protocol.o
    0x20000060   0x0800aa48   0x00000030   Data   RW         1510    .data               mpu6050.o
    0x20000090   0x0800aa78   0x0000002c   Data   RW         1606    .data               inv_mpu.o
    0x200000bc   0x0800aaa4   0x00000009   Data   RW         2057    .data               dmp.o
    0x200000c5   0x0800aaad   0x00000003   PAD
    0x200000c8   0x0800aab0   0x00000004   Data   RW         2058    .data               dmp.o
    0x200000cc   0x0800aab4   0x00000004   Data   RW         2059    .data               dmp.o
    0x200000d0   0x0800aab8   0x00000004   Data   RW         2060    .data               dmp.o
    0x200000d4   0x0800aabc   0x0000000c   Data   RW         2622    .data               stm32f1xx_hal.o
    0x200000e0   0x0800aac8   0x00000004   Data   RW         4914    .data               system_stm32f1xx.o
    0x200000e4   0x0800aacc   0x00000004   Data   RW         5328    .data               mc_w.l(errno.o)
    0x200000e8        -       0x00000054   Zero   RW          338    .bss                i2c.o
    0x2000013c        -       0x00000168   Zero   RW          389    .bss                tim.o
    0x200002a4        -       0x00000048   Zero   RW          477    .bss                usart.o
    0x200002ec        -       0x00000480   Zero   RW          858    .bss                oled.o
    0x2000076c        -       0x00000200   Zero   RW         1007    .bss                menu.o
    0x2000096c        -       0x000000e0   Zero   RW         1219    .bss                pid.o
    0x20000a4c        -       0x00000098   Zero   RW         1443    .bss                protocol.o
    0x20000ae4        -       0x0000000e   Zero   RW         1509    .bss                mpu6050.o
    0x20000af2   0x0800aad0   0x00000002   PAD
    0x20000af4        -       0x00000010   Zero   RW         1890    .bss                inv_mpu_dmp_motion_driver.o
    0x20000b04   0x0800aad0   0x00000004   PAD
    0x20000b08        -       0x00000400   Zero   RW            1    STACK               startup_stm32f103xe.o


==============================================================================

Image component sizes


      Code (inc. data)   RO Data    RW Data    ZI Data      Debug   Object Name

       104         24          0         52          0       2383   control.o
        98          8          0          4          0       1759   delay.o
       798         10          0         21          0       4576   dmp.o
        60         14          0         12          0        842   encoder.o
       240         18          0          0          0     490071   gpio.o
       176         30          0          0         84       1605   i2c.o
      5348        282         82         44          0      27031   inv_mpu.o
      2354        120       3062          0         16      19190   inv_mpu_dmp_motion_driver.o
       116         10          0          3          0       1295   key.o
       256         14          0          8          0        813   line.o
       298         28          0          0          0     473292   main.o
      2940        692          0          1        512       3832   menu.o
       144         32          0          8          0       3660   motor.o
       500         28          0         48         14       2975   mpu6050.o
      1252         48       7696          0       1152      10912   oled.o
       176         24          0          0        224       1391   pid.o
       706         26          0          4        152       7854   protocol.o
        36          8        304          0       1024        788   startup_stm32f103xe.o
       164         28          0         12          0       6401   stm32f1xx_hal.o
       258         24          0          0          0      30004   stm32f1xx_hal_cortex.o
       374          8          0          0          0       1791   stm32f1xx_hal_dma.o
       540         42          0          0          0       4068   stm32f1xx_hal_gpio.o
      2382         56          0          0          0      12842   stm32f1xx_hal_i2c.o
        60          8          0          0          0        846   stm32f1xx_hal_msp.o
      1240         84         18          0          0       5028   stm32f1xx_hal_rcc.o
      1984        108          0          0          0      14998   stm32f1xx_hal_tim.o
       128         20          0          0          0       2345   stm32f1xx_hal_tim_ex.o
      1200         10          0          0          0       7820   stm32f1xx_hal_uart.o
       160         38          0          3          0       5407   stm32f1xx_it.o
         0          0          0          0          0       1884   sys.o
         2          0         24          4          0       1071   system_stm32f1xx.o
       976        102          0          0        360       6028   tim.o
       184         20          0          0         72       1646   usart.o

    ----------------------------------------------------------------------
     25288       1964      11224        228       3616    1156448   Object Totals
         0          0         32          0          0          0   (incl. Generated)
        34          0          6          4          6          0   (incl. Padding)

    ----------------------------------------------------------------------

      Code (inc. data)   RO Data    RW Data    ZI Data      Debug   Library Member Name

       624         52         80          0          0        168   asin.o
       544         70        152          0          0        124   atan.o
       384         38          0          0          0        144   atan2.o
        38          6          0          0          0        272   dunder.o
        40          0          0          0          0         68   fpclassify.o
       170          0          0          0          0         96   poly.o
         0          0          8          0          0          0   qnan.o
        76          0          0          0          0         84   sqrt.o
         0          0          0          0          0          0   entry.o
         0          0          0          0          0          0   entry10a.o
         0          0          0          0          0          0   entry11a.o
         8          4          0          0          0          0   entry2.o
         4          0          0          0          0          0   entry5.o
         0          0          0          0          0          0   entry7b.o
         0          0          0          0          0          0   entry8b.o
         8          4          0          0          0          0   entry9a.o
        12          6          0          4          0         68   errno.o
        30          0          0          0          0          0   handlers.o
        36          8          0          0          0         68   init.o
         0          0          0          0          0          0   iusefp.o
        98          0          0          0          0         84   ldiv.o
        30          0          0          0          0         68   llshl.o
        36          0          0          0          0         68   llsshr.o
        32          0          0          0          0         68   llushr.o
        26          0          0          0          0         80   memcmp.o
        36          0          0          0          0         68   memcpya.o
        36          0          0          0          0        108   memseta.o
      2276         86          0          0          0        520   printfa.o
        44          0          0          0          0         80   uidiv.o
        98          0          0          0          0         92   uldiv.o
        48          0          0          0          0         68   cdrcmple.o
        56          0          0          0          0         88   d2f.o
       334          0          0          0          0        148   dadd.o
       222          0          0          0          0        100   ddiv.o
       186          0          0          0          0        176   depilogue.o
        48          0          0          0          0         68   dfixul.o
        34          0          0          0          0         76   dflti.o
       228          0          0          0          0         96   dmul.o
        46          0          0          0          0         80   dscalb.o
       162          0          0          0          0        100   dsqrt.o
        38          0          0          0          0         68   f2d.o
       176          0          0          0          0        140   fadd.o
       124          0          0          0          0         88   fdiv.o
       110          0          0          0          0        168   fepilogue.o
        50          0          0          0          0         68   ffixi.o
        40          0          0          0          0         68   ffixui.o
        18          0          0          0          0         68   fflti.o
        10          0          0          0          0         68   ffltui.o
       100          0          0          0          0         76   fmul.o
        24          0          0          0          0         68   fscalb.o

    ----------------------------------------------------------------------
      6744        274        240          4          0       4208   Library Totals
         4          0          0          0          0          0   (incl. Padding)

    ----------------------------------------------------------------------

      Code (inc. data)   RO Data    RW Data    ZI Data      Debug   Library Name

      1876        166        240          0          0        956   m_ws.l
      2810        108          0          4          0       1372   mc_w.l
      2054          0          0          0          0       1880   mf_w.l

    ----------------------------------------------------------------------
      6744        274        240          4          0       4208   Library Totals

    ----------------------------------------------------------------------

==============================================================================


      Code (inc. data)   RO Data    RW Data    ZI Data      Debug   

     32032       2238      11464        232       3616    1148900   Grand Totals
     32032       2238      11464        232       3616    1148900   ELF Image Totals
     32032       2238      11464        232          0          0   ROM Totals

==============================================================================

    Total RO  Size (Code + RO Data)                43496 (  42.48kB)
    Total RW  Size (RW Data + ZI Data)              3848 (   3.76kB)
    Total ROM Size (Code + RO Data + RW Data)      43728 (  42.70kB)

==============================================================================

